


ARM Macro Assembler    Page 1 


    1 00000000         ;/******************************************************
                       ********************//**
    2 00000000         ; * @file     startup_LPC17xx.s
    3 00000000         ; * @brief    CMSIS Cortex-M3 Core Device Startup File f
                       or
    4 00000000         ; *           NXP LPC17xx Device Series
    5 00000000         ; * @version  V1.10
    6 00000000         ; * @date     06. April 2011
    7 00000000         ; *
    8 00000000         ; * @note
    9 00000000         ; * Copyright (C) 2009-2011 ARM Limited. All rights rese
                       rved.
   10 00000000         ; *
   11 00000000         ; * @par
   12 00000000         ; * ARM Limited (ARM) is supplying this software for use
                        with Cortex-M
   13 00000000         ; * processor based microcontrollers.  This file can be 
                       freely distributed
   14 00000000         ; * within development tools that are supporting such AR
                       M based processors.
   15 00000000         ; *
   16 00000000         ; * @par
   17 00000000         ; * THIS SOFTWARE IS PROVIDED "AS IS".  NO WARRANTIES, W
                       HETHER EXPRESS, IMPLIED
   18 00000000         ; * OR STATUTORY, INCLUDING, BUT NOT LIMITED TO, IMPLIED
                        WARRANTIES OF
   19 00000000         ; * MERCHANTABILITY AND FITNESS FOR A PARTICULAR PURPOSE
                        APPLY TO THIS SOFTWARE.
   20 00000000         ; * ARM SHALL NOT, IN ANY CIRCUMSTANCES, BE LIABLE FOR S
                       PECIAL, INCIDENTAL, OR
   21 00000000         ; * CONSEQUENTIAL DAMAGES, FOR ANY REASON WHATSOEVER.
   22 00000000         ; *
   23 00000000         ; ******************************************************
                       ************************/
   24 00000000         
   25 00000000         ; *------- <<< Use Configuration Wizard in Context Menu 
                       >>> ------------------
   26 00000000         
   27 00000000         ; <h> Stack Configuration
   28 00000000         ;   <o> Stack Size (in Bytes) <0x0-0xFFFFFFFF:8>
   29 00000000         ; </h>
   30 00000000         
   31 00000000 00000200 
                       Stack_Size
                               EQU              0x00000200
   32 00000000         
   33 00000000                 AREA             STACK, NOINIT, READWRITE, ALIGN
=3
   34 00000000                 SPACE            Stack_Size/2
   35 00000100         Stack_Mem
                               SPACE            Stack_Size/2
   36 00000200         __initial_sp
   37 00000200         
   38 00000200         
   39 00000200         ; <h> Heap Configuration
   40 00000200         ;   <o>  Heap Size (in Bytes) <0x0-0xFFFFFFFF:8>
   41 00000200         ; </h>
   42 00000200         
   43 00000200 00000000 



ARM Macro Assembler    Page 2 


                       Heap_Size
                               EQU              0x00000000
   44 00000200         
   45 00000200                 AREA             HEAP, NOINIT, READWRITE, ALIGN=
3
   46 00000000         __heap_base
   47 00000000         Heap_Mem
                               SPACE            Heap_Size
   48 00000000         __heap_limit
   49 00000000         
   50 00000000         
   51 00000000                 PRESERVE8
   52 00000000                 THUMB
   53 00000000         
   54 00000000         
   55 00000000         ; Vector Table Mapped to Address 0 at Reset
   56 00000000         
   57 00000000                 AREA             RESET, DATA, READONLY
   58 00000000                 EXPORT           __Vectors
   59 00000000         
   60 00000000 00000000 
                       __Vectors
                               DCD              __initial_sp ; Top of Stack
   61 00000004 00000000        DCD              Reset_Handler ; Reset Handler
   62 00000008 00000000        DCD              NMI_Handler ; NMI Handler
   63 0000000C 00000000        DCD              HardFault_Handler ; Hard Fault 
                                                            Handler
   64 00000010 00000000        DCD              MemManage_Handler 
                                                            ; MPU Fault Handler
                                                            
   65 00000014 00000000        DCD              BusFault_Handler 
                                                            ; Bus Fault Handler
                                                            
   66 00000018 00000000        DCD              UsageFault_Handler ; Usage Faul
                                                            t Handler
   67 0000001C 00000000        DCD              0           ; Reserved
   68 00000020 00000000        DCD              0           ; Reserved
   69 00000024 00000000        DCD              0           ; Reserved
   70 00000028 00000000        DCD              0           ; Reserved
   71 0000002C 00000000        DCD              SVC_Handler ; SVCall Handler
   72 00000030 00000000        DCD              DebugMon_Handler ; Debug Monito
                                                            r Handler
   73 00000034 00000000        DCD              0           ; Reserved
   74 00000038 00000000        DCD              PendSV_Handler ; PendSV Handler
                                                            
   75 0000003C 00000000        DCD              SysTick_Handler 
                                                            ; SysTick Handler
   76 00000040         
   77 00000040         ; External Interrupts
   78 00000040 00000000        DCD              WDT_IRQHandler ; 16: Watchdog T
                                                            imer
   79 00000044 00000000        DCD              TIMER0_IRQHandler ; 17: Timer0
   80 00000048 00000000        DCD              TIMER1_IRQHandler ; 18: Timer1
   81 0000004C 00000000        DCD              TIMER2_IRQHandler ; 19: Timer2
   82 00000050 00000000        DCD              TIMER3_IRQHandler ; 20: Timer3
   83 00000054 00000000        DCD              UART0_IRQHandler ; 21: UART0
   84 00000058 00000000        DCD              UART1_IRQHandler ; 22: UART1
   85 0000005C 00000000        DCD              UART2_IRQHandler ; 23: UART2
   86 00000060 00000000        DCD              UART3_IRQHandler ; 24: UART3



ARM Macro Assembler    Page 3 


   87 00000064 00000000        DCD              PWM1_IRQHandler ; 25: PWM1
   88 00000068 00000000        DCD              I2C0_IRQHandler ; 26: I2C0
   89 0000006C 00000000        DCD              I2C1_IRQHandler ; 27: I2C1
   90 00000070 00000000        DCD              I2C2_IRQHandler ; 28: I2C2
   91 00000074 00000000        DCD              SPI_IRQHandler ; 29: SPI
   92 00000078 00000000        DCD              SSP0_IRQHandler ; 30: SSP0
   93 0000007C 00000000        DCD              SSP1_IRQHandler ; 31: SSP1
   94 00000080 00000000        DCD              PLL0_IRQHandler ; 32: PLL0 Lock
                                                             (Main PLL)
   95 00000084 00000000        DCD              RTC_IRQHandler ; 33: Real Time 
                                                            Clock
   96 00000088 00000000        DCD              EINT0_IRQHandler ; 34: External
                                                             Interrupt 0
   97 0000008C 00000000        DCD              EINT1_IRQHandler ; 35: External
                                                             Interrupt 1
   98 00000090 00000000        DCD              EINT2_IRQHandler ; 36: External
                                                             Interrupt 2
   99 00000094 00000000        DCD              EINT3_IRQHandler ; 37: External
                                                             Interrupt 3
  100 00000098 00000000        DCD              ADC_IRQHandler 
                                                            ; 38: A/D Converter
                                                            
  101 0000009C 00000000        DCD              BOD_IRQHandler ; 39: Brown-Out 
                                                            Detect
  102 000000A0 00000000        DCD              USB_IRQHandler ; 40: USB
  103 000000A4 00000000        DCD              CAN_IRQHandler ; 41: CAN
  104 000000A8 00000000        DCD              DMA_IRQHandler ; 42: General Pu
                                                            rpose DMA
  105 000000AC 00000000        DCD              I2S_IRQHandler ; 43: I2S
  106 000000B0 00000000        DCD              ENET_IRQHandler ; 44: Ethernet
  107 000000B4 00000000        DCD              RIT_IRQHandler ; 45: Repetitive
                                                             Interrupt Timer
  108 000000B8 00000000        DCD              MCPWM_IRQHandler ; 46: Motor Co
                                                            ntrol PWM
  109 000000BC 00000000        DCD              QEI_IRQHandler ; 47: Quadrature
                                                             Encoder Interface
  110 000000C0 00000000        DCD              PLL1_IRQHandler ; 48: PLL1 Lock
                                                             (USB PLL)
  111 000000C4 00000000        DCD              USBActivity_IRQHandler ; 49: US
                                                            B Activity interrup
                                                            t to wakeup
  112 000000C8 00000000        DCD              CANActivity_IRQHandler ; 50: CA
                                                            N Activity interrup
                                                            t to wakeup
  113 000000CC         
  114 000000CC         
  115 000000CC                 IF               :LNOT::DEF:NO_CRP
  116 000000CC                 AREA             |.ARM.__at_0x02FC|, CODE, READO
NLY
  117 00000000 FFFFFFFF 
                       CRP_Key DCD              0xFFFFFFFF
  118 00000004                 ENDIF
  119 00000004         
  120 00000004         
  121 00000004                 AREA             |.text|, CODE, READONLY
  122 00000000 7A30458D 
                       Rn      DCD              0x7A30458D
  123 00000004 C3159EAA 
                       Rm      DCD              0xC3159EAA



ARM Macro Assembler    Page 4 


  124 00000008         
  125 00000008         ; Reset Handler
  126 00000008         
  127 00000008         Reset_Handler
                               PROC
  128 00000008                 EXPORT           Reset_Handler             [WEAK
]
  129 00000008         
  130 00000008 F85F 000C       LDR              r0, Rn
  131 0000000C F85F 100C       LDR              r1, Rm
  132 00000010 B403            PUSH             {r0, r1}
  133 00000012         
  134 00000012 F04F 0003       MOV              r0, #3      ; System is now Unp
                                                            riviledged, Thread 
                                                            and using PSP
  135 00000016 F380 8814       MSR              CONTROL, r0 ; copies a general 
                                                            purpose register in
                                                            to a special regist
                                                            er
  136 0000001A F8DF D0E0       LDR              SP, =Stack_Mem
  137 0000001E BF00            NOP
  138 00000020         
  139 00000020         ;SVC  0x3     ; SVC causes the change of mode, level and
                        Stack Pointer
  140 00000020 DF08            SVC              0x8         ; SVC causes the ch
                                                            ange of mode, level
                                                             and Stack Pointer
  141 00000022         
  142 00000022 E7FE    stop    B                stop
  143 00000024                 ENDP
  144 00000024         
  145 00000024         mySMUAD PROC
  146 00000024 E92D 5FFF       PUSH             {r0-r12, LR}
  147 00000028 981C            LDR              r0, [SP, #112]
  148 0000002A 991D            LDR              r1, [SP, #116]
  149 0000002C F7FF FFFE       BL               mySMU
  150 00000030 EB02 0603       ADD              r6, r2, r3
  151 00000034 961C            STR              r6, [SP, #112]
  152 00000036 E8BD 9FFF       POP              {r0-r12, PC}
  153 0000003A                 ENDP
  154 0000003A         
  155 0000003A         mySMUSD PROC
  156 0000003A E92D 5FFF       PUSH             {r0-r12, LR}
  157 0000003E 981C            LDR              r0, [SP, #112]
  158 00000040 991D            LDR              r1, [SP, #116]
  159 00000042 F7FF FFFE       BL               mySMU
  160 00000046 EBA2 0603       SUB              r6, r2, r3
  161 0000004A 961C            STR              r6, [SP, #112]
  162 0000004C E8BD 9FFF       POP              {r0-r12, PC}
  163 00000050                 ENDP
  164 00000050         
  165 00000050         mySMU   PROC
  166 00000050 B500            PUSH             {LR}
  167 00000052         
  168 00000052 F000 0BFF       AND              r11, r0, #0x000000FF ; extract 
                                                            the lower halfword 
                                                            (lower) from the fi
                                                            rst value
  169 00000056 F400 4A7F       AND              r10, r0, #0x0000FF00 ; extract 



ARM Macro Assembler    Page 5 


                                                            the lower halfword 
                                                            (higher) from the f
                                                            irst value
  170 0000005A EA4B 0B0A       ORR              r11, r11, r10 ; merge lower hal
                                                            fword
  171 0000005E F40B 4A00       AND              r10, r11, #0x00008000 ; extract
                                                             the sign bit from 
                                                            the first lower hal
                                                            fword
  172 00000062 F5BA 4F00       CMP              r10, #0x00008000 ; compare
  173 00000066 D103            BNE              low_half_first ; branch if posi
                                                            tive
  174 00000068 F44B 0B7F       ORR              r11, r11, #0x00FF0000 ; extend 
                                                            sign (lower) if neg
                                                            ative
  175 0000006C F04B 4B7F       ORR              r11, r11, #0xFF000000 ; extend 
                                                            sign (higher) if ne
                                                            gative
  176 00000070         low_half_first
  177 00000070 F001 0CFF       AND              r12, r1, #0x000000FF ; extract 
                                                            the lower halfword 
                                                            (lower) from the se
                                                            cond value
  178 00000074 F401 4A7F       AND              r10, r1, #0x0000FF00 ; extract 
                                                            the lower halfword 
                                                            (higher) from the s
                                                            econd value
  179 00000078 EA4C 0C0A       ORR              r12, r12, r10 ; merge lower hal
                                                            fword
  180 0000007C F40C 4A00       AND              r10, r12, #0x00008000 ; extract
                                                             the sign bit from 
                                                            the second lower ha
                                                            lfword
  181 00000080 F5BA 4F00       CMP              r10, #0x00008000 ; compare
  182 00000084 D103            BNE              low_half_second
  183 00000086 F44C 0C7F       ORR              r12, r12, #0x00FF0000 ; extend 
                                                            sign (lower) if neg
                                                            ative
  184 0000008A F04C 4C7F       ORR              r12, r12, #0xFF000000 ; extend 
                                                            sign (higher) if ne
                                                            gative
  185 0000008E         low_half_second
  186 0000008E FB0B F20C       MUL              r2, r11, r12 ; moltiplication o
                                                            f lower halfwords
  187 00000092         
  188 00000092 F400 0B7F       AND              r11, r0, #0x00FF0000 ; extract 
                                                            the higher halfword
                                                             (lower) from the f
                                                            irst value
  189 00000096 F000 4A7F       AND              r10, r0, #0xFF000000 ; extract 
                                                            the higher halfword
                                                             (higher) from the 
                                                            first value
  190 0000009A EA4B 0B0A       ORR              r11, r11, r10 ; merge higher ha
                                                            lfword
  191 0000009E EA4F 4B2B       ASR              r11, r11, #16 ; arithmetic shif
                                                            t right by 16 bit
  192 000000A2         
  193 000000A2 F401 0C7F       AND              r12, r1, #0x00FF0000 ; extract 



ARM Macro Assembler    Page 6 


                                                            the higher halfword
                                                             (lower) from the s
                                                            econd value
  194 000000A6 F001 4A7F       AND              r10, r1, #0xFF000000 ; extract 
                                                            the higher halfword
                                                             (higher) from the 
                                                            second value
  195 000000AA EA4C 0C0A       ORR              r12, r12, r10 ; merge higher ha
                                                            lfword
  196 000000AE EA4F 4C2C       ASR              r12, r12, #16 ; arithmetic shif
                                                            t right by 16 bit  
                                                             
  197 000000B2         
  198 000000B2 FB0B F30C       MUL              r3, r11, r12 ; moltiplication o
                                                            f higher halfwords 
                                                            
  199 000000B6         
  200 000000B6 BD00            POP              {PC}
  201 000000B8                 ENDP
  202 000000B8         
  203 000000B8         
  204 000000B8         ; Dummy Exception Handlers (infinite loops which can be 
                       modified)
  205 000000B8         
  206 000000B8         NMI_Handler
                               PROC
  207 000000B8                 EXPORT           NMI_Handler               [WEAK
]
  208 000000B8 E7FE            B                .
  209 000000BA                 ENDP
  211 000000BA         HardFault_Handler
                               PROC
  212 000000BA                 EXPORT           HardFault_Handler         [WEAK
]
  213 000000BA E7FE            B                .
  214 000000BC                 ENDP
  216 000000BC         MemManage_Handler
                               PROC
  217 000000BC                 EXPORT           MemManage_Handler         [WEAK
]
  218 000000BC E7FE            B                .
  219 000000BE                 ENDP
  221 000000BE         BusFault_Handler
                               PROC
  222 000000BE                 EXPORT           BusFault_Handler          [WEAK
]
  223 000000BE E7FE            B                .
  224 000000C0                 ENDP
  226 000000C0         UsageFault_Handler
                               PROC
  227 000000C0                 EXPORT           UsageFault_Handler        [WEAK
]
  228 000000C0 E7FE            B                .
  229 000000C2                 ENDP
  230 000000C2         SVC_Handler
                               PROC
  231 000000C2                 EXPORT           SVC_Handler               [WEAK
]
  232 000000C2         



ARM Macro Assembler    Page 7 


  233 000000C2 E92D 5FFF       PUSH             {r0-r12, LR}
  234 000000C6 F3EF 8109       MRS              r1, PSP     ; copies the specia
                                                            l register PSP (Pro
                                                            cess Stack Pointer)
                                                             into a register
  235 000000CA 6988            LDR              r0, [r1, #24] ; get stacked PC 
                                                            (word) from stack 
  236 000000CC F810 0C02       LDRB             r0, [r0, #-2] ; get immediate (
                                                            byte) from instruct
                                                            ion
  237 000000D0 2803            CMP              r0, #0x3    ; check the immedia
                                                            te
  238 000000D2 BF08 F7FF 
              FFFE             BLEQ             mySMUAD
  239 000000D8 2808            CMP              r0, #0x8    ; check the immedia
                                                            te
  240 000000DA BF08 F7FF 
              FFFE             BLEQ             mySMUSD
  241 000000E0 9E0E            LDR              r6, [SP, #56]
  242 000000E2 E8BD 9FFF       POP              {r0-r12, PC}
  243 000000E6         ;BX LR
  244 000000E6         
  245 000000E6                 ENDP
  247 000000E6         DebugMon_Handler
                               PROC
  248 000000E6                 EXPORT           DebugMon_Handler          [WEAK
]
  249 000000E6 E7FE            B                .
  250 000000E8                 ENDP
  251 000000E8         PendSV_Handler
                               PROC
  252 000000E8                 EXPORT           PendSV_Handler            [WEAK
]
  253 000000E8 E7FE            B                .
  254 000000EA                 ENDP
  255 000000EA         SysTick_Handler
                               PROC
  256 000000EA                 EXPORT           SysTick_Handler           [WEAK
]
  257 000000EA E7FE            B                .
  258 000000EC                 ENDP
  259 000000EC         
  260 000000EC         Default_Handler
                               PROC
  261 000000EC         
  262 000000EC                 EXPORT           WDT_IRQHandler            [WEAK
]
  263 000000EC                 EXPORT           TIMER0_IRQHandler         [WEAK
]
  264 000000EC                 EXPORT           TIMER1_IRQHandler         [WEAK
]
  265 000000EC                 EXPORT           TIMER2_IRQHandler         [WEAK
]
  266 000000EC                 EXPORT           TIMER3_IRQHandler         [WEAK
]
  267 000000EC                 EXPORT           UART0_IRQHandler          [WEAK
]
  268 000000EC                 EXPORT           UART1_IRQHandler          [WEAK
]



ARM Macro Assembler    Page 8 


  269 000000EC                 EXPORT           UART2_IRQHandler          [WEAK
]
  270 000000EC                 EXPORT           UART3_IRQHandler          [WEAK
]
  271 000000EC                 EXPORT           PWM1_IRQHandler           [WEAK
]
  272 000000EC                 EXPORT           I2C0_IRQHandler           [WEAK
]
  273 000000EC                 EXPORT           I2C1_IRQHandler           [WEAK
]
  274 000000EC                 EXPORT           I2C2_IRQHandler           [WEAK
]
  275 000000EC                 EXPORT           SPI_IRQHandler            [WEAK
]
  276 000000EC                 EXPORT           SSP0_IRQHandler           [WEAK
]
  277 000000EC                 EXPORT           SSP1_IRQHandler           [WEAK
]
  278 000000EC                 EXPORT           PLL0_IRQHandler           [WEAK
]
  279 000000EC                 EXPORT           RTC_IRQHandler            [WEAK
]
  280 000000EC                 EXPORT           EINT0_IRQHandler          [WEAK
]
  281 000000EC                 EXPORT           EINT1_IRQHandler          [WEAK
]
  282 000000EC                 EXPORT           EINT2_IRQHandler          [WEAK
]
  283 000000EC                 EXPORT           EINT3_IRQHandler          [WEAK
]
  284 000000EC                 EXPORT           ADC_IRQHandler            [WEAK
]
  285 000000EC                 EXPORT           BOD_IRQHandler            [WEAK
]
  286 000000EC                 EXPORT           USB_IRQHandler            [WEAK
]
  287 000000EC                 EXPORT           CAN_IRQHandler            [WEAK
]
  288 000000EC                 EXPORT           DMA_IRQHandler            [WEAK
]
  289 000000EC                 EXPORT           I2S_IRQHandler            [WEAK
]
  290 000000EC                 EXPORT           ENET_IRQHandler           [WEAK
]
  291 000000EC                 EXPORT           RIT_IRQHandler            [WEAK
]
  292 000000EC                 EXPORT           MCPWM_IRQHandler          [WEAK
]
  293 000000EC                 EXPORT           QEI_IRQHandler            [WEAK
]
  294 000000EC                 EXPORT           PLL1_IRQHandler           [WEAK
]
  295 000000EC                 EXPORT           USBActivity_IRQHandler    [WEAK
]
  296 000000EC                 EXPORT           CANActivity_IRQHandler    [WEAK
]
  297 000000EC         
  298 000000EC         WDT_IRQHandler
  299 000000EC         TIMER0_IRQHandler



ARM Macro Assembler    Page 9 


  300 000000EC         TIMER1_IRQHandler
  301 000000EC         TIMER2_IRQHandler
  302 000000EC         TIMER3_IRQHandler
  303 000000EC         UART0_IRQHandler
  304 000000EC         UART1_IRQHandler
  305 000000EC         UART2_IRQHandler
  306 000000EC         UART3_IRQHandler
  307 000000EC         PWM1_IRQHandler
  308 000000EC         I2C0_IRQHandler
  309 000000EC         I2C1_IRQHandler
  310 000000EC         I2C2_IRQHandler
  311 000000EC         SPI_IRQHandler
  312 000000EC         SSP0_IRQHandler
  313 000000EC         SSP1_IRQHandler
  314 000000EC         PLL0_IRQHandler
  315 000000EC         RTC_IRQHandler
  316 000000EC         EINT0_IRQHandler
  317 000000EC         EINT1_IRQHandler
  318 000000EC         EINT2_IRQHandler
  319 000000EC         EINT3_IRQHandler
  320 000000EC         ADC_IRQHandler
  321 000000EC         BOD_IRQHandler
  322 000000EC         USB_IRQHandler
  323 000000EC         CAN_IRQHandler
  324 000000EC         DMA_IRQHandler
  325 000000EC         I2S_IRQHandler
  326 000000EC         ENET_IRQHandler
  327 000000EC         RIT_IRQHandler
  328 000000EC         MCPWM_IRQHandler
  329 000000EC         QEI_IRQHandler
  330 000000EC         PLL1_IRQHandler
  331 000000EC         USBActivity_IRQHandler
  332 000000EC         CANActivity_IRQHandler
  333 000000EC         
  334 000000EC E7FE            B                .
  335 000000EE         
  336 000000EE                 ENDP
  337 000000EE         
  338 000000EE         
  339 000000EE 00 00           ALIGN
  340 000000F0         
  341 000000F0         
  342 000000F0         ; User Initial Stack & Heap
  343 000000F0         
  344 000000F0                 IF               :DEF:__MICROLIB
  351 000000F0         
  352 000000F0                 IMPORT           __use_two_region_memory
  353 000000F0                 EXPORT           __user_initial_stackheap
  354 000000F0         __user_initial_stackheap
  355 000000F0         
  356 000000F0 4803            LDR              R0, =  Heap_Mem
  357 000000F2 4904            LDR              R1, =(Stack_Mem + Stack_Size)
  358 000000F4 4A02            LDR              R2, = (Heap_Mem +  Heap_Size)
  359 000000F6 4B01            LDR              R3, = Stack_Mem
  360 000000F8 4770            BX               LR
  361 000000FA         
  362 000000FA 00 00           ALIGN
  363 000000FC         
  364 000000FC                 ENDIF



ARM Macro Assembler    Page 10 


  365 000000FC         
  366 000000FC         
  367 000000FC                 END
              00000000 
              00000000 
              00000200 
Command Line: --debug --xref --diag_suppress=9931 --cpu=Cortex-M3 --apcs=interw
ork --depend=.\objects\startup_lpc17xx.d -o.\objects\startup_lpc17xx.o -I.\RTE\
Device\LPC1768 -I.\RTE\_Target_1 -IC:\Users\Riccardo\AppData\Local\Arm\Packs\AR
M\CMSIS\5.6.0\CMSIS\Core\Include -IC:\Users\Riccardo\AppData\Local\Arm\Packs\Ke
il\LPC1700_DFP\2.6.0\Device\Include --predefine="__EVAL SETA 1" --predefine="__
UVISION_VERSION SETA 529" --predefine="_RTE_ SETA 1" --predefine="LPC175x_6x SE
TA 1" --list=.\listings\startup_lpc17xx.lst RTE\Device\LPC1768\startup_LPC17xx.
s



ARM Macro Assembler    Page 1 Alphabetic symbol ordering
Relocatable symbols

STACK 00000000

Symbol: STACK
   Definitions
      At line 33 in file RTE\Device\LPC1768\startup_LPC17xx.s
   Uses
      None
Comment: STACK unused
Stack_Mem 00000100

Symbol: Stack_Mem
   Definitions
      At line 35 in file RTE\Device\LPC1768\startup_LPC17xx.s
   Uses
      At line 136 in file RTE\Device\LPC1768\startup_LPC17xx.s
      At line 357 in file RTE\Device\LPC1768\startup_LPC17xx.s
      At line 359 in file RTE\Device\LPC1768\startup_LPC17xx.s

__initial_sp 00000200

Symbol: __initial_sp
   Definitions
      At line 36 in file RTE\Device\LPC1768\startup_LPC17xx.s
   Uses
      At line 60 in file RTE\Device\LPC1768\startup_LPC17xx.s
Comment: __initial_sp used once
3 symbols



ARM Macro Assembler    Page 1 Alphabetic symbol ordering
Relocatable symbols

HEAP 00000000

Symbol: HEAP
   Definitions
      At line 45 in file RTE\Device\LPC1768\startup_LPC17xx.s
   Uses
      None
Comment: HEAP unused
Heap_Mem 00000000

Symbol: Heap_Mem
   Definitions
      At line 47 in file RTE\Device\LPC1768\startup_LPC17xx.s
   Uses
      At line 356 in file RTE\Device\LPC1768\startup_LPC17xx.s
      At line 358 in file RTE\Device\LPC1768\startup_LPC17xx.s

__heap_base 00000000

Symbol: __heap_base
   Definitions
      At line 46 in file RTE\Device\LPC1768\startup_LPC17xx.s
   Uses
      None
Comment: __heap_base unused
__heap_limit 00000000

Symbol: __heap_limit
   Definitions
      At line 48 in file RTE\Device\LPC1768\startup_LPC17xx.s
   Uses
      None
Comment: __heap_limit unused
4 symbols



ARM Macro Assembler    Page 1 Alphabetic symbol ordering
Relocatable symbols

RESET 00000000

Symbol: RESET
   Definitions
      At line 57 in file RTE\Device\LPC1768\startup_LPC17xx.s
   Uses
      None
Comment: RESET unused
__Vectors 00000000

Symbol: __Vectors
   Definitions
      At line 60 in file RTE\Device\LPC1768\startup_LPC17xx.s
   Uses
      At line 58 in file RTE\Device\LPC1768\startup_LPC17xx.s
Comment: __Vectors used once
2 symbols



ARM Macro Assembler    Page 1 Alphabetic symbol ordering
Relocatable symbols

.ARM.__at_0x02FC 00000000

Symbol: .ARM.__at_0x02FC
   Definitions
      At line 116 in file RTE\Device\LPC1768\startup_LPC17xx.s
   Uses
      None
Comment: .ARM.__at_0x02FC unused
CRP_Key 00000000

Symbol: CRP_Key
   Definitions
      At line 117 in file RTE\Device\LPC1768\startup_LPC17xx.s
   Uses
      None
Comment: CRP_Key unused
2 symbols



ARM Macro Assembler    Page 1 Alphabetic symbol ordering
Relocatable symbols

.text 00000000

Symbol: .text
   Definitions
      At line 121 in file RTE\Device\LPC1768\startup_LPC17xx.s
   Uses
      None
Comment: .text unused
ADC_IRQHandler 000000EC

Symbol: ADC_IRQHandler
   Definitions
      At line 320 in file RTE\Device\LPC1768\startup_LPC17xx.s
   Uses
      At line 100 in file RTE\Device\LPC1768\startup_LPC17xx.s
      At line 284 in file RTE\Device\LPC1768\startup_LPC17xx.s

BOD_IRQHandler 000000EC

Symbol: BOD_IRQHandler
   Definitions
      At line 321 in file RTE\Device\LPC1768\startup_LPC17xx.s
   Uses
      At line 101 in file RTE\Device\LPC1768\startup_LPC17xx.s
      At line 285 in file RTE\Device\LPC1768\startup_LPC17xx.s

BusFault_Handler 000000BE

Symbol: BusFault_Handler
   Definitions
      At line 221 in file RTE\Device\LPC1768\startup_LPC17xx.s
   Uses
      At line 65 in file RTE\Device\LPC1768\startup_LPC17xx.s
      At line 222 in file RTE\Device\LPC1768\startup_LPC17xx.s

CANActivity_IRQHandler 000000EC

Symbol: CANActivity_IRQHandler
   Definitions
      At line 332 in file RTE\Device\LPC1768\startup_LPC17xx.s
   Uses
      At line 112 in file RTE\Device\LPC1768\startup_LPC17xx.s
      At line 296 in file RTE\Device\LPC1768\startup_LPC17xx.s

CAN_IRQHandler 000000EC

Symbol: CAN_IRQHandler
   Definitions
      At line 323 in file RTE\Device\LPC1768\startup_LPC17xx.s
   Uses
      At line 103 in file RTE\Device\LPC1768\startup_LPC17xx.s
      At line 287 in file RTE\Device\LPC1768\startup_LPC17xx.s

DMA_IRQHandler 000000EC

Symbol: DMA_IRQHandler
   Definitions
      At line 324 in file RTE\Device\LPC1768\startup_LPC17xx.s
   Uses



ARM Macro Assembler    Page 2 Alphabetic symbol ordering
Relocatable symbols

      At line 104 in file RTE\Device\LPC1768\startup_LPC17xx.s
      At line 288 in file RTE\Device\LPC1768\startup_LPC17xx.s

DebugMon_Handler 000000E6

Symbol: DebugMon_Handler
   Definitions
      At line 247 in file RTE\Device\LPC1768\startup_LPC17xx.s
   Uses
      At line 72 in file RTE\Device\LPC1768\startup_LPC17xx.s
      At line 248 in file RTE\Device\LPC1768\startup_LPC17xx.s

Default_Handler 000000EC

Symbol: Default_Handler
   Definitions
      At line 260 in file RTE\Device\LPC1768\startup_LPC17xx.s
   Uses
      None
Comment: Default_Handler unused
EINT0_IRQHandler 000000EC

Symbol: EINT0_IRQHandler
   Definitions
      At line 316 in file RTE\Device\LPC1768\startup_LPC17xx.s
   Uses
      At line 96 in file RTE\Device\LPC1768\startup_LPC17xx.s
      At line 280 in file RTE\Device\LPC1768\startup_LPC17xx.s

EINT1_IRQHandler 000000EC

Symbol: EINT1_IRQHandler
   Definitions
      At line 317 in file RTE\Device\LPC1768\startup_LPC17xx.s
   Uses
      At line 97 in file RTE\Device\LPC1768\startup_LPC17xx.s
      At line 281 in file RTE\Device\LPC1768\startup_LPC17xx.s

EINT2_IRQHandler 000000EC

Symbol: EINT2_IRQHandler
   Definitions
      At line 318 in file RTE\Device\LPC1768\startup_LPC17xx.s
   Uses
      At line 98 in file RTE\Device\LPC1768\startup_LPC17xx.s
      At line 282 in file RTE\Device\LPC1768\startup_LPC17xx.s

EINT3_IRQHandler 000000EC

Symbol: EINT3_IRQHandler
   Definitions
      At line 319 in file RTE\Device\LPC1768\startup_LPC17xx.s
   Uses
      At line 99 in file RTE\Device\LPC1768\startup_LPC17xx.s
      At line 283 in file RTE\Device\LPC1768\startup_LPC17xx.s

ENET_IRQHandler 000000EC

Symbol: ENET_IRQHandler



ARM Macro Assembler    Page 3 Alphabetic symbol ordering
Relocatable symbols

   Definitions
      At line 326 in file RTE\Device\LPC1768\startup_LPC17xx.s
   Uses
      At line 106 in file RTE\Device\LPC1768\startup_LPC17xx.s
      At line 290 in file RTE\Device\LPC1768\startup_LPC17xx.s

HardFault_Handler 000000BA

Symbol: HardFault_Handler
   Definitions
      At line 211 in file RTE\Device\LPC1768\startup_LPC17xx.s
   Uses
      At line 63 in file RTE\Device\LPC1768\startup_LPC17xx.s
      At line 212 in file RTE\Device\LPC1768\startup_LPC17xx.s

I2C0_IRQHandler 000000EC

Symbol: I2C0_IRQHandler
   Definitions
      At line 308 in file RTE\Device\LPC1768\startup_LPC17xx.s
   Uses
      At line 88 in file RTE\Device\LPC1768\startup_LPC17xx.s
      At line 272 in file RTE\Device\LPC1768\startup_LPC17xx.s

I2C1_IRQHandler 000000EC

Symbol: I2C1_IRQHandler
   Definitions
      At line 309 in file RTE\Device\LPC1768\startup_LPC17xx.s
   Uses
      At line 89 in file RTE\Device\LPC1768\startup_LPC17xx.s
      At line 273 in file RTE\Device\LPC1768\startup_LPC17xx.s

I2C2_IRQHandler 000000EC

Symbol: I2C2_IRQHandler
   Definitions
      At line 310 in file RTE\Device\LPC1768\startup_LPC17xx.s
   Uses
      At line 90 in file RTE\Device\LPC1768\startup_LPC17xx.s
      At line 274 in file RTE\Device\LPC1768\startup_LPC17xx.s

I2S_IRQHandler 000000EC

Symbol: I2S_IRQHandler
   Definitions
      At line 325 in file RTE\Device\LPC1768\startup_LPC17xx.s
   Uses
      At line 105 in file RTE\Device\LPC1768\startup_LPC17xx.s
      At line 289 in file RTE\Device\LPC1768\startup_LPC17xx.s

MCPWM_IRQHandler 000000EC

Symbol: MCPWM_IRQHandler
   Definitions
      At line 328 in file RTE\Device\LPC1768\startup_LPC17xx.s
   Uses
      At line 108 in file RTE\Device\LPC1768\startup_LPC17xx.s
      At line 292 in file RTE\Device\LPC1768\startup_LPC17xx.s



ARM Macro Assembler    Page 4 Alphabetic symbol ordering
Relocatable symbols


MemManage_Handler 000000BC

Symbol: MemManage_Handler
   Definitions
      At line 216 in file RTE\Device\LPC1768\startup_LPC17xx.s
   Uses
      At line 64 in file RTE\Device\LPC1768\startup_LPC17xx.s
      At line 217 in file RTE\Device\LPC1768\startup_LPC17xx.s

NMI_Handler 000000B8

Symbol: NMI_Handler
   Definitions
      At line 206 in file RTE\Device\LPC1768\startup_LPC17xx.s
   Uses
      At line 62 in file RTE\Device\LPC1768\startup_LPC17xx.s
      At line 207 in file RTE\Device\LPC1768\startup_LPC17xx.s

PLL0_IRQHandler 000000EC

Symbol: PLL0_IRQHandler
   Definitions
      At line 314 in file RTE\Device\LPC1768\startup_LPC17xx.s
   Uses
      At line 94 in file RTE\Device\LPC1768\startup_LPC17xx.s
      At line 278 in file RTE\Device\LPC1768\startup_LPC17xx.s

PLL1_IRQHandler 000000EC

Symbol: PLL1_IRQHandler
   Definitions
      At line 330 in file RTE\Device\LPC1768\startup_LPC17xx.s
   Uses
      At line 110 in file RTE\Device\LPC1768\startup_LPC17xx.s
      At line 294 in file RTE\Device\LPC1768\startup_LPC17xx.s

PWM1_IRQHandler 000000EC

Symbol: PWM1_IRQHandler
   Definitions
      At line 307 in file RTE\Device\LPC1768\startup_LPC17xx.s
   Uses
      At line 87 in file RTE\Device\LPC1768\startup_LPC17xx.s
      At line 271 in file RTE\Device\LPC1768\startup_LPC17xx.s

PendSV_Handler 000000E8

Symbol: PendSV_Handler
   Definitions
      At line 251 in file RTE\Device\LPC1768\startup_LPC17xx.s
   Uses
      At line 74 in file RTE\Device\LPC1768\startup_LPC17xx.s
      At line 252 in file RTE\Device\LPC1768\startup_LPC17xx.s

QEI_IRQHandler 000000EC

Symbol: QEI_IRQHandler
   Definitions



ARM Macro Assembler    Page 5 Alphabetic symbol ordering
Relocatable symbols

      At line 329 in file RTE\Device\LPC1768\startup_LPC17xx.s
   Uses
      At line 109 in file RTE\Device\LPC1768\startup_LPC17xx.s
      At line 293 in file RTE\Device\LPC1768\startup_LPC17xx.s

RIT_IRQHandler 000000EC

Symbol: RIT_IRQHandler
   Definitions
      At line 327 in file RTE\Device\LPC1768\startup_LPC17xx.s
   Uses
      At line 107 in file RTE\Device\LPC1768\startup_LPC17xx.s
      At line 291 in file RTE\Device\LPC1768\startup_LPC17xx.s

RTC_IRQHandler 000000EC

Symbol: RTC_IRQHandler
   Definitions
      At line 315 in file RTE\Device\LPC1768\startup_LPC17xx.s
   Uses
      At line 95 in file RTE\Device\LPC1768\startup_LPC17xx.s
      At line 279 in file RTE\Device\LPC1768\startup_LPC17xx.s

Reset_Handler 00000008

Symbol: Reset_Handler
   Definitions
      At line 127 in file RTE\Device\LPC1768\startup_LPC17xx.s
   Uses
      At line 61 in file RTE\Device\LPC1768\startup_LPC17xx.s
      At line 128 in file RTE\Device\LPC1768\startup_LPC17xx.s

Rm 00000004

Symbol: Rm
   Definitions
      At line 123 in file RTE\Device\LPC1768\startup_LPC17xx.s
   Uses
      At line 131 in file RTE\Device\LPC1768\startup_LPC17xx.s
Comment: Rm used once
Rn 00000000

Symbol: Rn
   Definitions
      At line 122 in file RTE\Device\LPC1768\startup_LPC17xx.s
   Uses
      At line 130 in file RTE\Device\LPC1768\startup_LPC17xx.s
Comment: Rn used once
SPI_IRQHandler 000000EC

Symbol: SPI_IRQHandler
   Definitions
      At line 311 in file RTE\Device\LPC1768\startup_LPC17xx.s
   Uses
      At line 91 in file RTE\Device\LPC1768\startup_LPC17xx.s
      At line 275 in file RTE\Device\LPC1768\startup_LPC17xx.s

SSP0_IRQHandler 000000EC




ARM Macro Assembler    Page 6 Alphabetic symbol ordering
Relocatable symbols

Symbol: SSP0_IRQHandler
   Definitions
      At line 312 in file RTE\Device\LPC1768\startup_LPC17xx.s
   Uses
      At line 92 in file RTE\Device\LPC1768\startup_LPC17xx.s
      At line 276 in file RTE\Device\LPC1768\startup_LPC17xx.s

SSP1_IRQHandler 000000EC

Symbol: SSP1_IRQHandler
   Definitions
      At line 313 in file RTE\Device\LPC1768\startup_LPC17xx.s
   Uses
      At line 93 in file RTE\Device\LPC1768\startup_LPC17xx.s
      At line 277 in file RTE\Device\LPC1768\startup_LPC17xx.s

SVC_Handler 000000C2

Symbol: SVC_Handler
   Definitions
      At line 230 in file RTE\Device\LPC1768\startup_LPC17xx.s
   Uses
      At line 71 in file RTE\Device\LPC1768\startup_LPC17xx.s
      At line 231 in file RTE\Device\LPC1768\startup_LPC17xx.s

SysTick_Handler 000000EA

Symbol: SysTick_Handler
   Definitions
      At line 255 in file RTE\Device\LPC1768\startup_LPC17xx.s
   Uses
      At line 75 in file RTE\Device\LPC1768\startup_LPC17xx.s
      At line 256 in file RTE\Device\LPC1768\startup_LPC17xx.s

TIMER0_IRQHandler 000000EC

Symbol: TIMER0_IRQHandler
   Definitions
      At line 299 in file RTE\Device\LPC1768\startup_LPC17xx.s
   Uses
      At line 79 in file RTE\Device\LPC1768\startup_LPC17xx.s
      At line 263 in file RTE\Device\LPC1768\startup_LPC17xx.s

TIMER1_IRQHandler 000000EC

Symbol: TIMER1_IRQHandler
   Definitions
      At line 300 in file RTE\Device\LPC1768\startup_LPC17xx.s
   Uses
      At line 80 in file RTE\Device\LPC1768\startup_LPC17xx.s
      At line 264 in file RTE\Device\LPC1768\startup_LPC17xx.s

TIMER2_IRQHandler 000000EC

Symbol: TIMER2_IRQHandler
   Definitions
      At line 301 in file RTE\Device\LPC1768\startup_LPC17xx.s
   Uses
      At line 81 in file RTE\Device\LPC1768\startup_LPC17xx.s



ARM Macro Assembler    Page 7 Alphabetic symbol ordering
Relocatable symbols

      At line 265 in file RTE\Device\LPC1768\startup_LPC17xx.s

TIMER3_IRQHandler 000000EC

Symbol: TIMER3_IRQHandler
   Definitions
      At line 302 in file RTE\Device\LPC1768\startup_LPC17xx.s
   Uses
      At line 82 in file RTE\Device\LPC1768\startup_LPC17xx.s
      At line 266 in file RTE\Device\LPC1768\startup_LPC17xx.s

UART0_IRQHandler 000000EC

Symbol: UART0_IRQHandler
   Definitions
      At line 303 in file RTE\Device\LPC1768\startup_LPC17xx.s
   Uses
      At line 83 in file RTE\Device\LPC1768\startup_LPC17xx.s
      At line 267 in file RTE\Device\LPC1768\startup_LPC17xx.s

UART1_IRQHandler 000000EC

Symbol: UART1_IRQHandler
   Definitions
      At line 304 in file RTE\Device\LPC1768\startup_LPC17xx.s
   Uses
      At line 84 in file RTE\Device\LPC1768\startup_LPC17xx.s
      At line 268 in file RTE\Device\LPC1768\startup_LPC17xx.s

UART2_IRQHandler 000000EC

Symbol: UART2_IRQHandler
   Definitions
      At line 305 in file RTE\Device\LPC1768\startup_LPC17xx.s
   Uses
      At line 85 in file RTE\Device\LPC1768\startup_LPC17xx.s
      At line 269 in file RTE\Device\LPC1768\startup_LPC17xx.s

UART3_IRQHandler 000000EC

Symbol: UART3_IRQHandler
   Definitions
      At line 306 in file RTE\Device\LPC1768\startup_LPC17xx.s
   Uses
      At line 86 in file RTE\Device\LPC1768\startup_LPC17xx.s
      At line 270 in file RTE\Device\LPC1768\startup_LPC17xx.s

USBActivity_IRQHandler 000000EC

Symbol: USBActivity_IRQHandler
   Definitions
      At line 331 in file RTE\Device\LPC1768\startup_LPC17xx.s
   Uses
      At line 111 in file RTE\Device\LPC1768\startup_LPC17xx.s
      At line 295 in file RTE\Device\LPC1768\startup_LPC17xx.s

USB_IRQHandler 000000EC

Symbol: USB_IRQHandler



ARM Macro Assembler    Page 8 Alphabetic symbol ordering
Relocatable symbols

   Definitions
      At line 322 in file RTE\Device\LPC1768\startup_LPC17xx.s
   Uses
      At line 102 in file RTE\Device\LPC1768\startup_LPC17xx.s
      At line 286 in file RTE\Device\LPC1768\startup_LPC17xx.s

UsageFault_Handler 000000C0

Symbol: UsageFault_Handler
   Definitions
      At line 226 in file RTE\Device\LPC1768\startup_LPC17xx.s
   Uses
      At line 66 in file RTE\Device\LPC1768\startup_LPC17xx.s
      At line 227 in file RTE\Device\LPC1768\startup_LPC17xx.s

WDT_IRQHandler 000000EC

Symbol: WDT_IRQHandler
   Definitions
      At line 298 in file RTE\Device\LPC1768\startup_LPC17xx.s
   Uses
      At line 78 in file RTE\Device\LPC1768\startup_LPC17xx.s
      At line 262 in file RTE\Device\LPC1768\startup_LPC17xx.s

__user_initial_stackheap 000000F0

Symbol: __user_initial_stackheap
   Definitions
      At line 354 in file RTE\Device\LPC1768\startup_LPC17xx.s
   Uses
      At line 353 in file RTE\Device\LPC1768\startup_LPC17xx.s
Comment: __user_initial_stackheap used once
low_half_first 00000070

Symbol: low_half_first
   Definitions
      At line 176 in file RTE\Device\LPC1768\startup_LPC17xx.s
   Uses
      At line 173 in file RTE\Device\LPC1768\startup_LPC17xx.s
Comment: low_half_first used once
low_half_second 0000008E

Symbol: low_half_second
   Definitions
      At line 185 in file RTE\Device\LPC1768\startup_LPC17xx.s
   Uses
      At line 182 in file RTE\Device\LPC1768\startup_LPC17xx.s
Comment: low_half_second used once
mySMU 00000050

Symbol: mySMU
   Definitions
      At line 165 in file RTE\Device\LPC1768\startup_LPC17xx.s
   Uses
      At line 149 in file RTE\Device\LPC1768\startup_LPC17xx.s
      At line 159 in file RTE\Device\LPC1768\startup_LPC17xx.s

mySMUAD 00000024




ARM Macro Assembler    Page 9 Alphabetic symbol ordering
Relocatable symbols

Symbol: mySMUAD
   Definitions
      At line 145 in file RTE\Device\LPC1768\startup_LPC17xx.s
   Uses
      At line 238 in file RTE\Device\LPC1768\startup_LPC17xx.s
Comment: mySMUAD used once
mySMUSD 0000003A

Symbol: mySMUSD
   Definitions
      At line 155 in file RTE\Device\LPC1768\startup_LPC17xx.s
   Uses
      At line 240 in file RTE\Device\LPC1768\startup_LPC17xx.s
Comment: mySMUSD used once
stop 00000022

Symbol: stop
   Definitions
      At line 142 in file RTE\Device\LPC1768\startup_LPC17xx.s
   Uses
      At line 142 in file RTE\Device\LPC1768\startup_LPC17xx.s
Comment: stop used once
56 symbols



ARM Macro Assembler    Page 1 Alphabetic symbol ordering
Absolute symbols

Heap_Size 00000000

Symbol: Heap_Size
   Definitions
      At line 43 in file RTE\Device\LPC1768\startup_LPC17xx.s
   Uses
      At line 47 in file RTE\Device\LPC1768\startup_LPC17xx.s
      At line 358 in file RTE\Device\LPC1768\startup_LPC17xx.s

Stack_Size 00000200

Symbol: Stack_Size
   Definitions
      At line 31 in file RTE\Device\LPC1768\startup_LPC17xx.s
   Uses
      At line 34 in file RTE\Device\LPC1768\startup_LPC17xx.s
      At line 35 in file RTE\Device\LPC1768\startup_LPC17xx.s
      At line 357 in file RTE\Device\LPC1768\startup_LPC17xx.s

2 symbols



ARM Macro Assembler    Page 1 Alphabetic symbol ordering
External symbols

__use_two_region_memory 00000000

Symbol: __use_two_region_memory
   Definitions
      At line 352 in file RTE\Device\LPC1768\startup_LPC17xx.s
   Uses
      None
Comment: __use_two_region_memory unused
1 symbol
410 symbols in table
