Component: ARM Compiler 5.06 update 6 (build 750) Tool: armlink [4d35ed]

==============================================================================

Section Cross References

    startup_lpc17xx.o(STACK) refers (Special) to heapauxi.o(.text) for __use_two_region_memory
    startup_lpc17xx.o(HEAP) refers (Special) to heapauxi.o(.text) for __use_two_region_memory
    startup_lpc17xx.o(RESET) refers (Special) to heapauxi.o(.text) for __use_two_region_memory
    startup_lpc17xx.o(RESET) refers to startup_lpc17xx.o(STACK) for __initial_sp
    startup_lpc17xx.o(RESET) refers to startup_lpc17xx.o(.text) for Reset_Handler
    startup_lpc17xx.o(.ARM.__at_0x02FC) refers (Special) to heapauxi.o(.text) for __use_two_region_memory
    startup_lpc17xx.o(.text) refers (Special) to heapauxi.o(.text) for __use_two_region_memory
    startup_lpc17xx.o(.text) refers to startup_lpc17xx.o(exercise) for Matrix_C
    startup_lpc17xx.o(.text) refers to startup_lpc17xx.o(HEAP) for Heap_Mem
    startup_lpc17xx.o(.text) refers to startup_lpc17xx.o(STACK) for Stack_Mem
    startup_lpc17xx.o(exercise) refers (Special) to heapauxi.o(.text) for __use_two_region_memory
    system_lpc17xx.o(i.SystemCoreClockUpdate) refers to lludivv7m.o(.text) for __aeabi_uldivmod
    system_lpc17xx.o(i.SystemCoreClockUpdate) refers to system_lpc17xx.o(.data) for SystemCoreClock
    aeabi_ldiv0_sigfpe.o(.text) refers to rt_div0.o(.text) for __rt_div0
    rt_div0.o(.text) refers to defsig_fpe_outer.o(.text) for __rt_SIGFPE
    defsig_fpe_outer.o(.text) refers to defsig_fpe_inner.o(.text) for __rt_SIGFPE_inner
    defsig_fpe_outer.o(.text) refers to defsig_exit.o(.text) for __sig_exit
    defsig_fpe_formal.o(.text) refers to rt_raise.o(.text) for __rt_raise
    rt_raise.o(.text) refers to __raise.o(.text) for __raise
    rt_raise.o(.text) refers to sys_exit.o(.text) for _sys_exit
    defsig_exit.o(.text) refers to sys_exit.o(.text) for _sys_exit
    defsig_fpe_inner.o(.text) refers to defsig_general.o(.text) for __default_signal_display
    sys_exit.o(.text) refers (Special) to use_no_semi.o(.text) for __I$use$semihosting
    sys_exit.o(.text) refers (Special) to indicate_semi.o(.text) for __semihosting_library_function
    __raise.o(.text) refers to defsig.o(CL$$defsig) for __default_signal_handler
    defsig_general.o(.text) refers to sys_wrch.o(.text) for _ttywrch
    sys_wrch.o(.text) refers (Special) to use_no_semi.o(.text) for __I$use$semihosting
    sys_wrch.o(.text) refers (Special) to indicate_semi.o(.text) for __semihosting_library_function
    defsig.o(CL$$defsig) refers to defsig_fpe_inner.o(.text) for __rt_SIGFPE_inner
    defsig_abrt_inner.o(.text) refers to defsig_general.o(.text) for __default_signal_display
    defsig_rtred_inner.o(.text) refers to defsig_general.o(.text) for __default_signal_display
    defsig_rtmem_inner.o(.text) refers to defsig_general.o(.text) for __default_signal_display
    defsig_stak_inner.o(.text) refers to defsig_general.o(.text) for __default_signal_display
    defsig_pvfn_inner.o(.text) refers to defsig_general.o(.text) for __default_signal_display
    defsig_cppl_inner.o(.text) refers to defsig_general.o(.text) for __default_signal_display
    defsig_segv_inner.o(.text) refers to defsig_general.o(.text) for __default_signal_display
    defsig_other.o(.text) refers to defsig_general.o(.text) for __default_signal_display


==============================================================================

Removing Unused input sections from the image.

    Removing system_lpc17xx.o(.rev16_text), (4 bytes).
    Removing system_lpc17xx.o(.revsh_text), (4 bytes).
    Removing system_lpc17xx.o(.rrx_text), (6 bytes).
    Removing system_lpc17xx.o(i.SystemCoreClockUpdate), (424 bytes).
    Removing system_lpc17xx.o(i.SystemInit), (320 bytes).
    Removing system_lpc17xx.o(.data), (4 bytes).

6 unused section(s) (total 762 bytes) removed from the image.

==============================================================================

Image Symbol Table

    Local Symbols

    Symbol Name                              Value     Ov Type        Size  Object(Section)

    RESET                                    0x00000000   Section      204  startup_lpc17xx.o(RESET)
    ../clib/angel/rt.s                       0x00000000   Number         0  rt_raise.o ABSOLUTE
    ../clib/angel/rt.s                       0x00000000   Number         0  rt_div0.o ABSOLUTE
    ../clib/angel/rt.s                       0x00000000   Number         0  aeabi_ldiv0_sigfpe.o ABSOLUTE
    ../clib/angel/rt.s                       0x00000000   Number         0  aeabi_ldiv0.o ABSOLUTE
    ../clib/angel/sys.s                      0x00000000   Number         0  indicate_semi.o ABSOLUTE
    ../clib/angel/sys.s                      0x00000000   Number         0  use_no_semi.o ABSOLUTE
    ../clib/angel/sysapp.c                   0x00000000   Number         0  sys_wrch.o ABSOLUTE
    ../clib/angel/sysapp.c                   0x00000000   Number         0  sys_exit.o ABSOLUTE
    ../clib/heapaux.c                        0x00000000   Number         0  heapauxi.o ABSOLUTE
    ../clib/longlong.s                       0x00000000   Number         0  lludivv7m.o ABSOLUTE
    ../clib/signal.c                         0x00000000   Number         0  defsig_rtred_inner.o ABSOLUTE
    ../clib/signal.c                         0x00000000   Number         0  defsig_abrt_inner.o ABSOLUTE
    ../clib/signal.c                         0x00000000   Number         0  defsig_rtmem_inner.o ABSOLUTE
    ../clib/signal.c                         0x00000000   Number         0  defsig_general.o ABSOLUTE
    ../clib/signal.c                         0x00000000   Number         0  __raise.o ABSOLUTE
    ../clib/signal.c                         0x00000000   Number         0  defsig_fpe_inner.o ABSOLUTE
    ../clib/signal.c                         0x00000000   Number         0  defsig_exit.o ABSOLUTE
    ../clib/signal.c                         0x00000000   Number         0  defsig_fpe_outer.o ABSOLUTE
    ../clib/signal.c                         0x00000000   Number         0  defsig_fpe_formal.o ABSOLUTE
    ../clib/signal.c                         0x00000000   Number         0  defsig_stak_inner.o ABSOLUTE
    ../clib/signal.c                         0x00000000   Number         0  defsig_pvfn_inner.o ABSOLUTE
    ../clib/signal.c                         0x00000000   Number         0  defsig_cppl_inner.o ABSOLUTE
    ../clib/signal.c                         0x00000000   Number         0  defsig_segv_inner.o ABSOLUTE
    ../clib/signal.c                         0x00000000   Number         0  defsig_other.o ABSOLUTE
    ../clib/signal.s                         0x00000000   Number         0  defsig.o ABSOLUTE
    RTE\Device\LPC1768\startup_LPC17xx.s     0x00000000   Number         0  startup_lpc17xx.o ABSOLUTE
    RTE\Device\LPC1768\system_LPC17xx.c      0x00000000   Number         0  system_lpc17xx.o ABSOLUTE
    RTE\\Device\\LPC1768\\system_LPC17xx.c   0x00000000   Number         0  system_lpc17xx.o ABSOLUTE
    dc.s                                     0x00000000   Number         0  dc.o ABSOLUTE
    .text                                    0x000000cc   Section      520  startup_lpc17xx.o(.text)
    Matrix_A                                 0x000000cc   Data          28  startup_lpc17xx.o(.text)
    Matrix_B                                 0x0000013c   Data          20  startup_lpc17xx.o(.text)
    col_cycle                                0x000001e1   Thumb Code    36  startup_lpc17xx.o(.text)
    row_cycle                                0x00000205   Thumb Code    28  startup_lpc17xx.o(.text)
    sum_elements                             0x00000221   Thumb Code    44  startup_lpc17xx.o(.text)
    mul_elements                             0x0000024d   Thumb Code    24  startup_lpc17xx.o(.text)
    check_result                             0x00000265   Thumb Code    54  startup_lpc17xx.o(.text)
    .text                                    0x000002d4   Section        0  heapauxi.o(.text)
    .ARM.__at_0x02FC                         0x000002fc   Section        4  startup_lpc17xx.o(.ARM.__at_0x02FC)
    exercise                                 0x10000000   Section      112  startup_lpc17xx.o(exercise)
    Matrix_C                                 0x10000000   Data         112  startup_lpc17xx.o(exercise)
    HEAP                                     0x10000070   Section        0  startup_lpc17xx.o(HEAP)
    STACK                                    0x10000070   Section      512  startup_lpc17xx.o(STACK)
    Heap_Mem                                 0x10000070   Data           0  startup_lpc17xx.o(HEAP)
    Stack_Mem                                0x10000070   Data         512  startup_lpc17xx.o(STACK)
    __initial_sp                             0x10000270   Data           0  startup_lpc17xx.o(STACK)

    Global Symbols

    Symbol Name                              Value     Ov Type        Size  Object(Section)

    BuildAttributes$$THM_ISAv4$P$D$K$B$S$PE$A:L22UL41UL21$X:L11$S22US41US21$IEEE1$IW$USESV6$~STKCKD$USESV7$~SHL$OSPACE$ROPI$EBA8$STANDARDLIB$REQ8$PRES8$EABIv2 0x00000000   Number         0  anon$$obj.o ABSOLUTE
    __Vectors                                0x00000000   Data           4  startup_lpc17xx.o(RESET)
    __sigvec_lookup                           - Undefined Weak Reference
    Reset_Handler                            0x000001c9   Thumb Code    24  startup_lpc17xx.o(.text)
    NMI_Handler                              0x0000029b   Thumb Code     2  startup_lpc17xx.o(.text)
    HardFault_Handler                        0x0000029d   Thumb Code     2  startup_lpc17xx.o(.text)
    MemManage_Handler                        0x0000029f   Thumb Code     2  startup_lpc17xx.o(.text)
    BusFault_Handler                         0x000002a1   Thumb Code     2  startup_lpc17xx.o(.text)
    UsageFault_Handler                       0x000002a3   Thumb Code     2  startup_lpc17xx.o(.text)
    SVC_Handler                              0x000002a5   Thumb Code     2  startup_lpc17xx.o(.text)
    DebugMon_Handler                         0x000002a7   Thumb Code     2  startup_lpc17xx.o(.text)
    PendSV_Handler                           0x000002a9   Thumb Code     2  startup_lpc17xx.o(.text)
    SysTick_Handler                          0x000002ab   Thumb Code     2  startup_lpc17xx.o(.text)
    ADC_IRQHandler                           0x000002ad   Thumb Code     0  startup_lpc17xx.o(.text)
    BOD_IRQHandler                           0x000002ad   Thumb Code     0  startup_lpc17xx.o(.text)
    CANActivity_IRQHandler                   0x000002ad   Thumb Code     0  startup_lpc17xx.o(.text)
    CAN_IRQHandler                           0x000002ad   Thumb Code     0  startup_lpc17xx.o(.text)
    DMA_IRQHandler                           0x000002ad   Thumb Code     0  startup_lpc17xx.o(.text)
    EINT0_IRQHandler                         0x000002ad   Thumb Code     0  startup_lpc17xx.o(.text)
    EINT1_IRQHandler                         0x000002ad   Thumb Code     0  startup_lpc17xx.o(.text)
    EINT2_IRQHandler                         0x000002ad   Thumb Code     0  startup_lpc17xx.o(.text)
    EINT3_IRQHandler                         0x000002ad   Thumb Code     0  startup_lpc17xx.o(.text)
    ENET_IRQHandler                          0x000002ad   Thumb Code     0  startup_lpc17xx.o(.text)
    I2C0_IRQHandler                          0x000002ad   Thumb Code     0  startup_lpc17xx.o(.text)
    I2C1_IRQHandler                          0x000002ad   Thumb Code     0  startup_lpc17xx.o(.text)
    I2C2_IRQHandler                          0x000002ad   Thumb Code     0  startup_lpc17xx.o(.text)
    I2S_IRQHandler                           0x000002ad   Thumb Code     0  startup_lpc17xx.o(.text)
    MCPWM_IRQHandler                         0x000002ad   Thumb Code     0  startup_lpc17xx.o(.text)
    PLL0_IRQHandler                          0x000002ad   Thumb Code     0  startup_lpc17xx.o(.text)
    PLL1_IRQHandler                          0x000002ad   Thumb Code     0  startup_lpc17xx.o(.text)
    PWM1_IRQHandler                          0x000002ad   Thumb Code     0  startup_lpc17xx.o(.text)
    QEI_IRQHandler                           0x000002ad   Thumb Code     0  startup_lpc17xx.o(.text)
    RIT_IRQHandler                           0x000002ad   Thumb Code     0  startup_lpc17xx.o(.text)
    RTC_IRQHandler                           0x000002ad   Thumb Code     0  startup_lpc17xx.o(.text)
    SPI_IRQHandler                           0x000002ad   Thumb Code     0  startup_lpc17xx.o(.text)
    SSP0_IRQHandler                          0x000002ad   Thumb Code     0  startup_lpc17xx.o(.text)
    SSP1_IRQHandler                          0x000002ad   Thumb Code     0  startup_lpc17xx.o(.text)
    TIMER0_IRQHandler                        0x000002ad   Thumb Code     0  startup_lpc17xx.o(.text)
    TIMER1_IRQHandler                        0x000002ad   Thumb Code     0  startup_lpc17xx.o(.text)
    TIMER2_IRQHandler                        0x000002ad   Thumb Code     0  startup_lpc17xx.o(.text)
    TIMER3_IRQHandler                        0x000002ad   Thumb Code     0  startup_lpc17xx.o(.text)
    UART0_IRQHandler                         0x000002ad   Thumb Code     0  startup_lpc17xx.o(.text)
    UART1_IRQHandler                         0x000002ad   Thumb Code     0  startup_lpc17xx.o(.text)
    UART2_IRQHandler                         0x000002ad   Thumb Code     0  startup_lpc17xx.o(.text)
    UART3_IRQHandler                         0x000002ad   Thumb Code     0  startup_lpc17xx.o(.text)
    USBActivity_IRQHandler                   0x000002ad   Thumb Code     0  startup_lpc17xx.o(.text)
    USB_IRQHandler                           0x000002ad   Thumb Code     0  startup_lpc17xx.o(.text)
    WDT_IRQHandler                           0x000002ad   Thumb Code     0  startup_lpc17xx.o(.text)
    __user_initial_stackheap                 0x000002b1   Thumb Code     0  startup_lpc17xx.o(.text)
    __use_two_region_memory                  0x000002d5   Thumb Code     2  heapauxi.o(.text)
    __rt_heap_escrow$2region                 0x000002d7   Thumb Code     2  heapauxi.o(.text)
    __rt_heap_expand$2region                 0x000002d9   Thumb Code     2  heapauxi.o(.text)



==============================================================================

Memory Map of the image

  Image Entry point : 0x000001c9

  Load Region LR_1 (Base: 0x00000000, Size: 0x00000370, Max: 0xffffffff, ABSOLUTE)

    Execution Region ER_RO (Exec base: 0x00000000, Load base: 0x00000000, Size: 0x00000300, Max: 0xffffffff, ABSOLUTE)

    Exec Addr    Load Addr    Size         Type   Attr      Idx    E Section Name        Object

    0x00000000   0x00000000   0x000000cc   Data   RO            3    RESET               startup_lpc17xx.o
    0x000000cc   0x000000cc   0x00000208   Code   RO            5  * .text               startup_lpc17xx.o
    0x000002d4   0x000002d4   0x00000006   Code   RO           77    .text               c_w.l(heapauxi.o)
    0x000002da   0x000002da   0x00000022   PAD
    0x000002fc   0x000002fc   0x00000004   Code   RO            4    .ARM.__at_0x02FC    startup_lpc17xx.o


    Execution Region ER_RW (Exec base: 0x10000000, Load base: 0x00000300, Size: 0x00000070, Max: 0xffffffff, ABSOLUTE)

    Exec Addr    Load Addr    Size         Type   Attr      Idx    E Section Name        Object

    0x10000000   0x00000300   0x00000070   Data   RW            6    exercise            startup_lpc17xx.o


    Execution Region ER_ZI (Exec base: 0x10000070, Load base: 0x00000370, Size: 0x00000200, Max: 0xffffffff, ABSOLUTE)

    Exec Addr    Load Addr    Size         Type   Attr      Idx    E Section Name        Object

    0x10000070        -       0x00000000   Zero   RW            2    HEAP                startup_lpc17xx.o
    0x10000070        -       0x00000200   Zero   RW            1    STACK               startup_lpc17xx.o


==============================================================================

Image component sizes


      Code (inc. data)   RO Data    RW Data    ZI Data      Debug   Object Name

       524        284        204        112        512       1316   startup_lpc17xx.o

    ----------------------------------------------------------------------
       524        284        204        112        512       1316   Object Totals
         0          0          0          0          0          0   (incl. Generated)
         0          0          0          0          0          0   (incl. Padding)

    ----------------------------------------------------------------------

      Code (inc. data)   RO Data    RW Data    ZI Data      Debug   Library Member Name

         6          0          0          0          0        152   heapauxi.o

    ----------------------------------------------------------------------
        40          0          0          0          0        152   Library Totals
        34          0          0          0          0          0   (incl. Padding)

    ----------------------------------------------------------------------

      Code (inc. data)   RO Data    RW Data    ZI Data      Debug   Library Name

         6          0          0          0          0        152   c_w.l

    ----------------------------------------------------------------------
        40          0          0          0          0        152   Library Totals

    ----------------------------------------------------------------------

==============================================================================


      Code (inc. data)   RO Data    RW Data    ZI Data      Debug   

       564        284        204        112        512       1468   Grand Totals
       564        284        204        112        512       1468   ELF Image Totals
       564        284        204        112          0          0   ROM Totals

==============================================================================

    Total RO  Size (Code + RO Data)                  768 (   0.75kB)
    Total RW  Size (RW Data + ZI Data)               624 (   0.61kB)
    Total ROM Size (Code + RO Data + RW Data)        880 (   0.86kB)

==============================================================================

