Component: ARM Compiler 5.06 update 6 (build 750) Tool: armlink [4d35ed]

==============================================================================

Section Cross References

    main.o(i.intHypotenuse) refers to dflt_clz.o(x$fpl$dflt) for __aeabi_i2d
    main.o(i.intHypotenuse) refers to hypot.o(i.hypot) for hypot
    main.o(i.intHypotenuse) refers to round.o(i.round) for round
    main.o(i.intHypotenuse) refers to dfix.o(x$fpl$dfix) for __aeabi_d2iz
    startup_lpc17xx.o(STACK) refers (Special) to heapauxi.o(.text) for __use_two_region_memory
    startup_lpc17xx.o(HEAP) refers (Special) to heapauxi.o(.text) for __use_two_region_memory
    startup_lpc17xx.o(RESET) refers (Special) to heapauxi.o(.text) for __use_two_region_memory
    startup_lpc17xx.o(RESET) refers to startup_lpc17xx.o(STACK) for __initial_sp
    startup_lpc17xx.o(RESET) refers to startup_lpc17xx.o(.text) for Reset_Handler
    startup_lpc17xx.o(.ARM.__at_0x02FC) refers (Special) to heapauxi.o(.text) for __use_two_region_memory
    startup_lpc17xx.o(.text) refers (Special) to heapauxi.o(.text) for __use_two_region_memory
    startup_lpc17xx.o(.text) refers to main.o(i.intHypotenuse) for intHypotenuse
    startup_lpc17xx.o(.text) refers to startup_lpc17xx.o(HEAP) for Heap_Mem
    startup_lpc17xx.o(.text) refers to startup_lpc17xx.o(STACK) for Stack_Mem
    system_lpc17xx.o(i.SystemCoreClockUpdate) refers to lludivv7m.o(.text) for __aeabi_uldivmod
    system_lpc17xx.o(i.SystemCoreClockUpdate) refers to system_lpc17xx.o(.data) for SystemCoreClock
    dfix.o(x$fpl$dfix) refers (Special) to usenofp.o(x$fpl$usenofp) for __I$use$fp
    dfix.o(x$fpl$dfix) refers to dnaninf.o(x$fpl$dnaninf) for __fpl_dnaninf
    dfix.o(x$fpl$dfixr) refers (Special) to usenofp.o(x$fpl$usenofp) for __I$use$fp
    dfix.o(x$fpl$dfixr) refers to dnaninf.o(x$fpl$dnaninf) for __fpl_dnaninf
    dflt_clz.o(x$fpl$dfltu) refers (Special) to usenofp.o(x$fpl$usenofp) for __I$use$fp
    dflt_clz.o(x$fpl$dflt) refers (Special) to usenofp.o(x$fpl$usenofp) for __I$use$fp
    dflt_clz.o(x$fpl$dfltn) refers (Special) to usenofp.o(x$fpl$usenofp) for __I$use$fp
    hypot.o(i.__softfp_hypot) refers (Special) to usenofp.o(x$fpl$usenofp) for __I$use$fp
    hypot.o(i.__softfp_hypot) refers to hypot.o(i.hypot) for hypot
    hypot.o(i.hypot) refers (Special) to usenofp.o(x$fpl$usenofp) for __I$use$fp
    hypot.o(i.hypot) refers to daddsub_clz.o(x$fpl$dadd) for __aeabi_dadd
    hypot.o(i.hypot) refers to dunder.o(i.__mathlib_dbl_infnan2) for __mathlib_dbl_infnan2
    hypot.o(i.hypot) refers to dmul.o(x$fpl$dmul) for __aeabi_dmul
    hypot.o(i.hypot) refers to daddsub_clz.o(x$fpl$dsub) for __aeabi_dsub
    hypot.o(i.hypot) refers to drleqf.o(x$fpl$drleqf) for __aeabi_cdrcmple
    hypot.o(i.hypot) refers to sqrt.o(i.sqrt) for sqrt
    hypot.o(i.hypot) refers to scalbn.o(x$fpl$scalbn) for __ARM_scalbn
    hypot.o(i.hypot) refers to _rserrno.o(.text) for __set_errno
    hypot.o(i.hypot) refers to dunder.o(i.__mathlib_dbl_overflow) for __mathlib_dbl_overflow
    hypot.o(i.hypot) refers to fpclassify.o(i.__ARM_fpclassify) for __ARM_fpclassify
    hypot.o(i.hypot) refers to dunder.o(i.__mathlib_dbl_underflow) for __mathlib_dbl_underflow
    hypot_x.o(i.____softfp_hypot$lsc) refers (Special) to usenofp.o(x$fpl$usenofp) for __I$use$fp
    hypot_x.o(i.____softfp_hypot$lsc) refers to hypot_x.o(i.__hypot$lsc) for __hypot$lsc
    hypot_x.o(i.__hypot$lsc) refers (Special) to usenofp.o(x$fpl$usenofp) for __I$use$fp
    hypot_x.o(i.__hypot$lsc) refers to daddsub_clz.o(x$fpl$dadd) for __aeabi_dadd
    hypot_x.o(i.__hypot$lsc) refers to dunder.o(i.__mathlib_dbl_infnan2) for __mathlib_dbl_infnan2
    hypot_x.o(i.__hypot$lsc) refers to dmul.o(x$fpl$dmul) for __aeabi_dmul
    hypot_x.o(i.__hypot$lsc) refers to daddsub_clz.o(x$fpl$dsub) for __aeabi_dsub
    hypot_x.o(i.__hypot$lsc) refers to drleqf.o(x$fpl$drleqf) for __aeabi_cdrcmple
    hypot_x.o(i.__hypot$lsc) refers to sqrt.o(i.sqrt) for sqrt
    hypot_x.o(i.__hypot$lsc) refers to scalbn.o(x$fpl$scalbn) for __ARM_scalbn
    hypot_x.o(i.__hypot$lsc) refers to _rserrno.o(.text) for __set_errno
    round.o(i.round) refers (Special) to usenofp.o(x$fpl$usenofp) for __I$use$fp
    round.o(i.round) refers to drnd.o(x$fpl$drnd) for _drnd
    round.o(i.round) refers to daddsub_clz.o(x$fpl$drsb) for __aeabi_drsub
    round.o(i.round) refers to dleqf.o(x$fpl$dleqf) for __aeabi_cdcmple
    round.o(i.round) refers to drleqf.o(x$fpl$drleqf) for __aeabi_cdrcmple
    round.o(i.round) refers to daddsub_clz.o(x$fpl$dsub) for __aeabi_dsub
    round.o(i.round) refers to daddsub_clz.o(x$fpl$dadd) for __aeabi_dadd
    aeabi_ldiv0_sigfpe.o(.text) refers to rt_div0.o(.text) for __rt_div0
    _rserrno.o(.text) refers to rt_errno_addr.o(.text) for __aeabi_errno_addr
    daddsub_clz.o(x$fpl$dadd) refers (Special) to usenofp.o(x$fpl$usenofp) for __I$use$fp
    daddsub_clz.o(x$fpl$dadd) refers to daddsub_clz.o(x$fpl$dsub) for _dsub1
    daddsub_clz.o(x$fpl$dadd) refers to dretinf.o(x$fpl$dretinf) for __fpl_dretinf
    daddsub_clz.o(x$fpl$dadd) refers to dnaninf.o(x$fpl$dnaninf) for __fpl_dnaninf
    daddsub_clz.o(x$fpl$drsb) refers (Special) to usenofp.o(x$fpl$usenofp) for __I$use$fp
    daddsub_clz.o(x$fpl$drsb) refers to daddsub_clz.o(x$fpl$dadd) for _dadd1
    daddsub_clz.o(x$fpl$drsb) refers to daddsub_clz.o(x$fpl$dsub) for _dsub1
    daddsub_clz.o(x$fpl$dsub) refers (Special) to usenofp.o(x$fpl$usenofp) for __I$use$fp
    daddsub_clz.o(x$fpl$dsub) refers to daddsub_clz.o(x$fpl$dadd) for _dadd1
    daddsub_clz.o(x$fpl$dsub) refers to dnaninf.o(x$fpl$dnaninf) for __fpl_dnaninf
    dleqf.o(x$fpl$dleqf) refers (Special) to usenofp.o(x$fpl$usenofp) for __I$use$fp
    dleqf.o(x$fpl$dleqf) refers to dnaninf.o(x$fpl$dnaninf) for __fpl_dnaninf
    dleqf.o(x$fpl$dleqf) refers to dcmpi.o(x$fpl$dcmpinf) for __fpl_dcmp_Inf
    dmul.o(x$fpl$dmul) refers (Special) to usenofp.o(x$fpl$usenofp) for __I$use$fp
    dmul.o(x$fpl$dmul) refers to dretinf.o(x$fpl$dretinf) for __fpl_dretinf
    dmul.o(x$fpl$dmul) refers to dnaninf.o(x$fpl$dnaninf) for __fpl_dnaninf
    dnaninf.o(x$fpl$dnaninf) refers (Special) to usenofp.o(x$fpl$usenofp) for __I$use$fp
    drleqf.o(x$fpl$drleqf) refers (Special) to usenofp.o(x$fpl$usenofp) for __I$use$fp
    drleqf.o(x$fpl$drleqf) refers to dleqf.o(x$fpl$dleqf) for __fpl_dcmple_InfNaN
    drnd.o(x$fpl$drnd) refers (Special) to usenofp.o(x$fpl$usenofp) for __I$use$fp
    drnd.o(x$fpl$drnd) refers to dnaninf.o(x$fpl$dnaninf) for __fpl_dnaninf
    scalbn.o(x$fpl$scalbn) refers (Special) to usenofp.o(x$fpl$usenofp) for __I$use$fp
    scalbn.o(x$fpl$scalbn) refers to dcheck1.o(x$fpl$dcheck1) for __fpl_dcheck_NaN1
    dunder.o(i.__mathlib_dbl_divzero) refers to ddiv.o(x$fpl$ddiv) for __aeabi_ddiv
    dunder.o(i.__mathlib_dbl_infnan) refers to scalbn.o(x$fpl$scalbn) for __ARM_scalbn
    dunder.o(i.__mathlib_dbl_infnan2) refers to daddsub_clz.o(x$fpl$dadd) for __aeabi_dadd
    dunder.o(i.__mathlib_dbl_invalid) refers to ddiv.o(x$fpl$ddiv) for __aeabi_ddiv
    dunder.o(i.__mathlib_dbl_overflow) refers to scalbn.o(x$fpl$scalbn) for __ARM_scalbn
    dunder.o(i.__mathlib_dbl_posinfnan) refers to dmul.o(x$fpl$dmul) for __aeabi_dmul
    dunder.o(i.__mathlib_dbl_underflow) refers to scalbn.o(x$fpl$scalbn) for __ARM_scalbn
    fpclassify.o(i.__ARM_fpclassify) refers (Special) to usenofp.o(x$fpl$usenofp) for __I$use$fp
    sqrt.o(i.__softfp_sqrt) refers (Special) to usenofp.o(x$fpl$usenofp) for __I$use$fp
    sqrt.o(i.__softfp_sqrt) refers to dsqrt_noumaal.o(x$fpl$dsqrt) for _dsqrt
    sqrt.o(i.__softfp_sqrt) refers to _rserrno.o(.text) for __set_errno
    sqrt.o(i.sqrt) refers (Special) to usenofp.o(x$fpl$usenofp) for __I$use$fp
    sqrt.o(i.sqrt) refers to dsqrt_noumaal.o(x$fpl$dsqrt) for _dsqrt
    sqrt.o(i.sqrt) refers to _rserrno.o(.text) for __set_errno
    sqrt_x.o(i.____softfp_sqrt$lsc) refers (Special) to usenofp.o(x$fpl$usenofp) for __I$use$fp
    sqrt_x.o(i.____softfp_sqrt$lsc) refers to dleqf.o(x$fpl$dleqf) for __aeabi_cdcmple
    sqrt_x.o(i.____softfp_sqrt$lsc) refers to _rserrno.o(.text) for __set_errno
    sqrt_x.o(i.____softfp_sqrt$lsc) refers to dsqrt_noumaal.o(x$fpl$dsqrt) for _dsqrt
    sqrt_x.o(i.__sqrt$lsc) refers (Special) to usenofp.o(x$fpl$usenofp) for __I$use$fp
    sqrt_x.o(i.__sqrt$lsc) refers to dleqf.o(x$fpl$dleqf) for __aeabi_cdcmple
    sqrt_x.o(i.__sqrt$lsc) refers to _rserrno.o(.text) for __set_errno
    sqrt_x.o(i.__sqrt$lsc) refers to dsqrt_noumaal.o(x$fpl$dsqrt) for _dsqrt
    rt_div0.o(.text) refers to defsig_fpe_outer.o(.text) for __rt_SIGFPE
    rt_errno_addr.o(.text) refers to rt_errno_addr.o(.bss) for __aeabi_errno_addr_data
    rt_errno_addr_intlibspace.o(.text) refers to libspace.o(.bss) for __libspace_start
    dcheck1.o(x$fpl$dcheck1) refers (Special) to usenofp.o(x$fpl$usenofp) for __I$use$fp
    dcheck1.o(x$fpl$dcheck1) refers to retnan.o(x$fpl$retnan) for __fpl_return_NaN
    dcmpi.o(x$fpl$dcmpinf) refers (Special) to usenofp.o(x$fpl$usenofp) for __I$use$fp
    ddiv.o(x$fpl$drdiv) refers (Special) to usenofp.o(x$fpl$usenofp) for __I$use$fp
    ddiv.o(x$fpl$drdiv) refers to ddiv.o(x$fpl$ddiv) for ddiv_entry
    ddiv.o(x$fpl$ddiv) refers (Special) to usenofp.o(x$fpl$usenofp) for __I$use$fp
    ddiv.o(x$fpl$ddiv) refers to dretinf.o(x$fpl$dretinf) for __fpl_dretinf
    ddiv.o(x$fpl$ddiv) refers to dnaninf.o(x$fpl$dnaninf) for __fpl_dnaninf
    dretinf.o(x$fpl$dretinf) refers (Special) to usenofp.o(x$fpl$usenofp) for __I$use$fp
    dsqrt_noumaal.o(x$fpl$dsqrt) refers (Special) to usenofp.o(x$fpl$usenofp) for __I$use$fp
    dsqrt_noumaal.o(x$fpl$dsqrt) refers to dnaninf.o(x$fpl$dnaninf) for __fpl_dnaninf
    libspace.o(.text) refers to libspace.o(.bss) for __libspace_start
    defsig_fpe_outer.o(.text) refers to defsig_fpe_inner.o(.text) for __rt_SIGFPE_inner
    defsig_fpe_outer.o(.text) refers to defsig_exit.o(.text) for __sig_exit
    defsig_fpe_formal.o(.text) refers to rt_raise.o(.text) for __rt_raise
    retnan.o(x$fpl$retnan) refers (Special) to usenofp.o(x$fpl$usenofp) for __I$use$fp
    retnan.o(x$fpl$retnan) refers to trapv.o(x$fpl$trapveneer) for __fpl_cmpreturn
    rt_raise.o(.text) refers to __raise.o(.text) for __raise
    rt_raise.o(.text) refers to sys_exit.o(.text) for _sys_exit
    defsig_exit.o(.text) refers to sys_exit.o(.text) for _sys_exit
    defsig_fpe_inner.o(.text) refers to defsig_general.o(.text) for __default_signal_display
    trapv.o(x$fpl$trapveneer) refers (Special) to usenofp.o(x$fpl$usenofp) for __I$use$fp
    sys_exit.o(.text) refers (Special) to use_no_semi.o(.text) for __I$use$semihosting
    sys_exit.o(.text) refers (Special) to indicate_semi.o(.text) for __semihosting_library_function
    __raise.o(.text) refers to defsig.o(CL$$defsig) for __default_signal_handler
    defsig_general.o(.text) refers to sys_wrch.o(.text) for _ttywrch
    sys_wrch.o(.text) refers (Special) to use_no_semi.o(.text) for __I$use$semihosting
    sys_wrch.o(.text) refers (Special) to indicate_semi.o(.text) for __semihosting_library_function
    defsig.o(CL$$defsig) refers to defsig_fpe_inner.o(.text) for __rt_SIGFPE_inner
    defsig_abrt_inner.o(.text) refers to defsig_general.o(.text) for __default_signal_display
    defsig_rtred_inner.o(.text) refers to defsig_general.o(.text) for __default_signal_display
    defsig_rtmem_inner.o(.text) refers to defsig_general.o(.text) for __default_signal_display
    defsig_stak_inner.o(.text) refers to defsig_general.o(.text) for __default_signal_display
    defsig_pvfn_inner.o(.text) refers to defsig_general.o(.text) for __default_signal_display
    defsig_cppl_inner.o(.text) refers to defsig_general.o(.text) for __default_signal_display
    defsig_segv_inner.o(.text) refers to defsig_general.o(.text) for __default_signal_display
    defsig_other.o(.text) refers to defsig_general.o(.text) for __default_signal_display


==============================================================================

Removing Unused input sections from the image.

    Removing system_lpc17xx.o(.rev16_text), (4 bytes).
    Removing system_lpc17xx.o(.revsh_text), (4 bytes).
    Removing system_lpc17xx.o(.rrx_text), (6 bytes).
    Removing system_lpc17xx.o(i.SystemCoreClockUpdate), (424 bytes).
    Removing system_lpc17xx.o(i.SystemInit), (320 bytes).
    Removing system_lpc17xx.o(.data), (4 bytes).

6 unused section(s) (total 762 bytes) removed from the image.

==============================================================================

Image Symbol Table

    Local Symbols

    Symbol Name                              Value     Ov Type        Size  Object(Section)

    RESET                                    0x00000000   Section      204  startup_lpc17xx.o(RESET)
    ../clib/angel/rt.s                       0x00000000   Number         0  rt_div0.o ABSOLUTE
    ../clib/angel/rt.s                       0x00000000   Number         0  rt_errno_addr.o ABSOLUTE
    ../clib/angel/rt.s                       0x00000000   Number         0  rt_errno_addr_intlibspace.o ABSOLUTE
    ../clib/angel/rt.s                       0x00000000   Number         0  rt_raise.o ABSOLUTE
    ../clib/angel/rt.s                       0x00000000   Number         0  aeabi_ldiv0_sigfpe.o ABSOLUTE
    ../clib/angel/rt.s                       0x00000000   Number         0  aeabi_ldiv0.o ABSOLUTE
    ../clib/angel/sys.s                      0x00000000   Number         0  use_no_semi.o ABSOLUTE
    ../clib/angel/sys.s                      0x00000000   Number         0  indicate_semi.o ABSOLUTE
    ../clib/angel/sys.s                      0x00000000   Number         0  libspace.o ABSOLUTE
    ../clib/angel/sysapp.c                   0x00000000   Number         0  sys_wrch.o ABSOLUTE
    ../clib/angel/sysapp.c                   0x00000000   Number         0  sys_exit.o ABSOLUTE
    ../clib/fenv.c                           0x00000000   Number         0  _rserrno.o ABSOLUTE
    ../clib/heapaux.c                        0x00000000   Number         0  heapauxi.o ABSOLUTE
    ../clib/longlong.s                       0x00000000   Number         0  lludivv7m.o ABSOLUTE
    ../clib/signal.c                         0x00000000   Number         0  defsig_rtred_inner.o ABSOLUTE
    ../clib/signal.c                         0x00000000   Number         0  defsig_other.o ABSOLUTE
    ../clib/signal.c                         0x00000000   Number         0  defsig_abrt_inner.o ABSOLUTE
    ../clib/signal.c                         0x00000000   Number         0  defsig_general.o ABSOLUTE
    ../clib/signal.c                         0x00000000   Number         0  __raise.o ABSOLUTE
    ../clib/signal.c                         0x00000000   Number         0  defsig_fpe_inner.o ABSOLUTE
    ../clib/signal.c                         0x00000000   Number         0  defsig_exit.o ABSOLUTE
    ../clib/signal.c                         0x00000000   Number         0  defsig_fpe_formal.o ABSOLUTE
    ../clib/signal.c                         0x00000000   Number         0  defsig_fpe_outer.o ABSOLUTE
    ../clib/signal.c                         0x00000000   Number         0  defsig_rtmem_inner.o ABSOLUTE
    ../clib/signal.c                         0x00000000   Number         0  defsig_stak_inner.o ABSOLUTE
    ../clib/signal.c                         0x00000000   Number         0  defsig_pvfn_inner.o ABSOLUTE
    ../clib/signal.c                         0x00000000   Number         0  defsig_cppl_inner.o ABSOLUTE
    ../clib/signal.c                         0x00000000   Number         0  defsig_segv_inner.o ABSOLUTE
    ../clib/signal.s                         0x00000000   Number         0  defsig.o ABSOLUTE
    ../fplib/daddsub.s                       0x00000000   Number         0  daddsub_clz.o ABSOLUTE
    ../fplib/dcheck1.s                       0x00000000   Number         0  dcheck1.o ABSOLUTE
    ../fplib/dcmpi.s                         0x00000000   Number         0  dcmpi.o ABSOLUTE
    ../fplib/ddiv.s                          0x00000000   Number         0  ddiv.o ABSOLUTE
    ../fplib/dfix.s                          0x00000000   Number         0  dfix.o ABSOLUTE
    ../fplib/dflt.s                          0x00000000   Number         0  dflt_clz.o ABSOLUTE
    ../fplib/dleqf.s                         0x00000000   Number         0  dleqf.o ABSOLUTE
    ../fplib/dmul.s                          0x00000000   Number         0  dmul.o ABSOLUTE
    ../fplib/dnaninf.s                       0x00000000   Number         0  dnaninf.o ABSOLUTE
    ../fplib/dretinf.s                       0x00000000   Number         0  dretinf.o ABSOLUTE
    ../fplib/drleqf.s                        0x00000000   Number         0  drleqf.o ABSOLUTE
    ../fplib/drnd.s                          0x00000000   Number         0  drnd.o ABSOLUTE
    ../fplib/dsqrt.s                         0x00000000   Number         0  dsqrt_noumaal.o ABSOLUTE
    ../fplib/retnan.s                        0x00000000   Number         0  retnan.o ABSOLUTE
    ../fplib/scalbn.s                        0x00000000   Number         0  scalbn.o ABSOLUTE
    ../fplib/trapv.s                         0x00000000   Number         0  trapv.o ABSOLUTE
    ../fplib/usenofp.s                       0x00000000   Number         0  usenofp.o ABSOLUTE
    ../mathlib/dunder.c                      0x00000000   Number         0  dunder.o ABSOLUTE
    ../mathlib/fpclassify.c                  0x00000000   Number         0  fpclassify.o ABSOLUTE
    ../mathlib/hypot.c                       0x00000000   Number         0  hypot.o ABSOLUTE
    ../mathlib/hypot.c                       0x00000000   Number         0  hypot_x.o ABSOLUTE
    ../mathlib/round.c                       0x00000000   Number         0  round.o ABSOLUTE
    ../mathlib/sqrt.c                        0x00000000   Number         0  sqrt_x.o ABSOLUTE
    ../mathlib/sqrt.c                        0x00000000   Number         0  sqrt.o ABSOLUTE
    RTE\Device\LPC1768\startup_LPC17xx.s     0x00000000   Number         0  startup_lpc17xx.o ABSOLUTE
    RTE\Device\LPC1768\system_LPC17xx.c      0x00000000   Number         0  system_lpc17xx.o ABSOLUTE
    RTE\\Device\\LPC1768\\system_LPC17xx.c   0x00000000   Number         0  system_lpc17xx.o ABSOLUTE
    dc.s                                     0x00000000   Number         0  dc.o ABSOLUTE
    main.c                                   0x00000000   Number         0  main.o ABSOLUTE
    .text                                    0x000000cc   Section       60  startup_lpc17xx.o(.text)
    .text                                    0x00000108   Section        0  heapauxi.o(.text)
    .text                                    0x0000010e   Section        0  _rserrno.o(.text)
    .text                                    0x00000124   Section        8  rt_errno_addr.o(.text)
    i.__ARM_fpclassify                       0x0000012c   Section        0  fpclassify.o(i.__ARM_fpclassify)
    i.__mathlib_dbl_infnan2                  0x00000154   Section        0  dunder.o(i.__mathlib_dbl_infnan2)
    i.__mathlib_dbl_overflow                 0x00000158   Section        0  dunder.o(i.__mathlib_dbl_overflow)
    i.__mathlib_dbl_underflow                0x00000168   Section        0  dunder.o(i.__mathlib_dbl_underflow)
    i.intHypotenuse                          0x00000178   Section        0  main.o(i.intHypotenuse)
    i.round                                  0x000001bc   Section        0  round.o(i.round)
    i.sqrt                                   0x00000250   Section        0  sqrt.o(i.sqrt)
    x$fpl$dcheck1                            0x0000029c   Section       16  dcheck1.o(x$fpl$dcheck1)
    x$fpl$dcmpinf                            0x000002ac   Section       24  dcmpi.o(x$fpl$dcmpinf)
    x$fpl$dflt                               0x000002c4   Section       46  dflt_clz.o(x$fpl$dflt)
    x$fpl$usenofp                            0x000002f2   Section        0  usenofp.o(x$fpl$usenofp)
    .ARM.__at_0x02FC                         0x000002fc   Section        4  startup_lpc17xx.o(.ARM.__at_0x02FC)
    i.hypot                                  0x00000300   Section        0  hypot.o(i.hypot)
    x$fpl$dadd                               0x00000590   Section      336  daddsub_clz.o(x$fpl$dadd)
    _dadd1                                   0x000005a1   Thumb Code     0  daddsub_clz.o(x$fpl$dadd)
    x$fpl$dfix                               0x000006e0   Section       94  dfix.o(x$fpl$dfix)
    x$fpl$dleqf                              0x00000740   Section      120  dleqf.o(x$fpl$dleqf)
    x$fpl$dmul                               0x000007b8   Section      340  dmul.o(x$fpl$dmul)
    x$fpl$dnaninf                            0x0000090c   Section      156  dnaninf.o(x$fpl$dnaninf)
    x$fpl$dretinf                            0x000009a8   Section       12  dretinf.o(x$fpl$dretinf)
    x$fpl$drleqf                             0x000009b4   Section      108  drleqf.o(x$fpl$drleqf)
    x$fpl$drnd                               0x00000a20   Section      180  drnd.o(x$fpl$drnd)
    x$fpl$drsb                               0x00000ad4   Section       22  daddsub_clz.o(x$fpl$drsb)
    x$fpl$dsqrt                              0x00000aec   Section      460  dsqrt_noumaal.o(x$fpl$dsqrt)
    x$fpl$dsub                               0x00000cb8   Section      468  daddsub_clz.o(x$fpl$dsub)
    _dsub1                                   0x00000cc9   Thumb Code     0  daddsub_clz.o(x$fpl$dsub)
    x$fpl$retnan                             0x00000e8c   Section      100  retnan.o(x$fpl$retnan)
    x$fpl$scalbn                             0x00000ef0   Section       92  scalbn.o(x$fpl$scalbn)
    x$fpl$trapveneer                         0x00000f4c   Section       48  trapv.o(x$fpl$trapveneer)
    .bss                                     0x10000000   Section        4  rt_errno_addr.o(.bss)
    __aeabi_errno_addr_data                  0x10000000   Data           4  rt_errno_addr.o(.bss)
    HEAP                                     0x10000008   Section        0  startup_lpc17xx.o(HEAP)
    STACK                                    0x10000008   Section      512  startup_lpc17xx.o(STACK)
    Heap_Mem                                 0x10000008   Data           0  startup_lpc17xx.o(HEAP)
    Stack_Mem                                0x10000008   Data         512  startup_lpc17xx.o(STACK)
    __initial_sp                             0x10000208   Data           0  startup_lpc17xx.o(STACK)

    Global Symbols

    Symbol Name                              Value     Ov Type        Size  Object(Section)

    BuildAttributes$$THM_ISAv4$P$D$K$B$S$PE$A:L22UL41UL21$X:L11$S22US41US21$IEEE1$IW$USESV6$~STKCKD$USESV7$~SHL$OTIME$ROPI$IEEEX$EBA8$STANDARDLIB$REQ8$PRES8$EABIv2 0x00000000   Number         0  anon$$obj.o ABSOLUTE
    __Vectors                                0x00000000   Data           4  startup_lpc17xx.o(RESET)
    __sigvec_lookup                           - Undefined Weak Reference
    Reset_Handler                            0x000000cd   Thumb Code    14  startup_lpc17xx.o(.text)
    NMI_Handler                              0x000000db   Thumb Code     2  startup_lpc17xx.o(.text)
    HardFault_Handler                        0x000000dd   Thumb Code     2  startup_lpc17xx.o(.text)
    MemManage_Handler                        0x000000df   Thumb Code     2  startup_lpc17xx.o(.text)
    BusFault_Handler                         0x000000e1   Thumb Code     2  startup_lpc17xx.o(.text)
    UsageFault_Handler                       0x000000e3   Thumb Code     2  startup_lpc17xx.o(.text)
    SVC_Handler                              0x000000e5   Thumb Code     2  startup_lpc17xx.o(.text)
    DebugMon_Handler                         0x000000e7   Thumb Code     2  startup_lpc17xx.o(.text)
    PendSV_Handler                           0x000000e9   Thumb Code     2  startup_lpc17xx.o(.text)
    SysTick_Handler                          0x000000eb   Thumb Code     2  startup_lpc17xx.o(.text)
    ADC_IRQHandler                           0x000000ed   Thumb Code     0  startup_lpc17xx.o(.text)
    BOD_IRQHandler                           0x000000ed   Thumb Code     0  startup_lpc17xx.o(.text)
    CANActivity_IRQHandler                   0x000000ed   Thumb Code     0  startup_lpc17xx.o(.text)
    CAN_IRQHandler                           0x000000ed   Thumb Code     0  startup_lpc17xx.o(.text)
    DMA_IRQHandler                           0x000000ed   Thumb Code     0  startup_lpc17xx.o(.text)
    EINT0_IRQHandler                         0x000000ed   Thumb Code     0  startup_lpc17xx.o(.text)
    EINT1_IRQHandler                         0x000000ed   Thumb Code     0  startup_lpc17xx.o(.text)
    EINT2_IRQHandler                         0x000000ed   Thumb Code     0  startup_lpc17xx.o(.text)
    EINT3_IRQHandler                         0x000000ed   Thumb Code     0  startup_lpc17xx.o(.text)
    ENET_IRQHandler                          0x000000ed   Thumb Code     0  startup_lpc17xx.o(.text)
    I2C0_IRQHandler                          0x000000ed   Thumb Code     0  startup_lpc17xx.o(.text)
    I2C1_IRQHandler                          0x000000ed   Thumb Code     0  startup_lpc17xx.o(.text)
    I2C2_IRQHandler                          0x000000ed   Thumb Code     0  startup_lpc17xx.o(.text)
    I2S_IRQHandler                           0x000000ed   Thumb Code     0  startup_lpc17xx.o(.text)
    MCPWM_IRQHandler                         0x000000ed   Thumb Code     0  startup_lpc17xx.o(.text)
    PLL0_IRQHandler                          0x000000ed   Thumb Code     0  startup_lpc17xx.o(.text)
    PLL1_IRQHandler                          0x000000ed   Thumb Code     0  startup_lpc17xx.o(.text)
    PWM1_IRQHandler                          0x000000ed   Thumb Code     0  startup_lpc17xx.o(.text)
    QEI_IRQHandler                           0x000000ed   Thumb Code     0  startup_lpc17xx.o(.text)
    RIT_IRQHandler                           0x000000ed   Thumb Code     0  startup_lpc17xx.o(.text)
    RTC_IRQHandler                           0x000000ed   Thumb Code     0  startup_lpc17xx.o(.text)
    SPI_IRQHandler                           0x000000ed   Thumb Code     0  startup_lpc17xx.o(.text)
    SSP0_IRQHandler                          0x000000ed   Thumb Code     0  startup_lpc17xx.o(.text)
    SSP1_IRQHandler                          0x000000ed   Thumb Code     0  startup_lpc17xx.o(.text)
    TIMER0_IRQHandler                        0x000000ed   Thumb Code     0  startup_lpc17xx.o(.text)
    TIMER1_IRQHandler                        0x000000ed   Thumb Code     0  startup_lpc17xx.o(.text)
    TIMER2_IRQHandler                        0x000000ed   Thumb Code     0  startup_lpc17xx.o(.text)
    TIMER3_IRQHandler                        0x000000ed   Thumb Code     0  startup_lpc17xx.o(.text)
    UART0_IRQHandler                         0x000000ed   Thumb Code     0  startup_lpc17xx.o(.text)
    UART1_IRQHandler                         0x000000ed   Thumb Code     0  startup_lpc17xx.o(.text)
    UART2_IRQHandler                         0x000000ed   Thumb Code     0  startup_lpc17xx.o(.text)
    UART3_IRQHandler                         0x000000ed   Thumb Code     0  startup_lpc17xx.o(.text)
    USBActivity_IRQHandler                   0x000000ed   Thumb Code     0  startup_lpc17xx.o(.text)
    USB_IRQHandler                           0x000000ed   Thumb Code     0  startup_lpc17xx.o(.text)
    WDT_IRQHandler                           0x000000ed   Thumb Code     0  startup_lpc17xx.o(.text)
    __user_initial_stackheap                 0x000000f1   Thumb Code     0  startup_lpc17xx.o(.text)
    __use_two_region_memory                  0x00000109   Thumb Code     2  heapauxi.o(.text)
    __rt_heap_escrow$2region                 0x0000010b   Thumb Code     2  heapauxi.o(.text)
    __rt_heap_expand$2region                 0x0000010d   Thumb Code     2  heapauxi.o(.text)
    __read_errno                             0x0000010f   Thumb Code    10  _rserrno.o(.text)
    __set_errno                              0x00000119   Thumb Code    12  _rserrno.o(.text)
    __aeabi_errno_addr                       0x00000125   Thumb Code     8  rt_errno_addr.o(.text)
    __errno                                  0x00000125   Thumb Code     0  rt_errno_addr.o(.text)
    __rt_errno_addr                          0x00000125   Thumb Code     0  rt_errno_addr.o(.text)
    __ARM_fpclassify                         0x0000012d   Thumb Code    40  fpclassify.o(i.__ARM_fpclassify)
    __mathlib_dbl_infnan2                    0x00000155   Thumb Code     4  dunder.o(i.__mathlib_dbl_infnan2)
    __mathlib_dbl_overflow                   0x00000159   Thumb Code    14  dunder.o(i.__mathlib_dbl_overflow)
    __mathlib_dbl_underflow                  0x00000169   Thumb Code    10  dunder.o(i.__mathlib_dbl_underflow)
    intHypotenuse                            0x00000179   Thumb Code    68  main.o(i.intHypotenuse)
    round                                    0x000001bd   Thumb Code   136  round.o(i.round)
    sqrt                                     0x00000251   Thumb Code    76  sqrt.o(i.sqrt)
    __fpl_dcheck_NaN1                        0x0000029d   Thumb Code    10  dcheck1.o(x$fpl$dcheck1)
    __fpl_dcmp_Inf                           0x000002ad   Thumb Code    24  dcmpi.o(x$fpl$dcmpinf)
    __aeabi_i2d                              0x000002c5   Thumb Code     0  dflt_clz.o(x$fpl$dflt)
    _dflt                                    0x000002c5   Thumb Code    46  dflt_clz.o(x$fpl$dflt)
    __I$use$fp                               0x000002f2   Number         0  usenofp.o(x$fpl$usenofp)
    hypot                                    0x00000301   Thumb Code   634  hypot.o(i.hypot)
    __aeabi_dadd                             0x00000591   Thumb Code     0  daddsub_clz.o(x$fpl$dadd)
    _dadd                                    0x00000591   Thumb Code   332  daddsub_clz.o(x$fpl$dadd)
    __aeabi_d2iz                             0x000006e1   Thumb Code     0  dfix.o(x$fpl$dfix)
    _dfix                                    0x000006e1   Thumb Code    94  dfix.o(x$fpl$dfix)
    __aeabi_cdcmple                          0x00000741   Thumb Code     0  dleqf.o(x$fpl$dleqf)
    _dcmple                                  0x00000741   Thumb Code   120  dleqf.o(x$fpl$dleqf)
    __fpl_dcmple_InfNaN                      0x000007a3   Thumb Code     0  dleqf.o(x$fpl$dleqf)
    __aeabi_dmul                             0x000007b9   Thumb Code     0  dmul.o(x$fpl$dmul)
    _dmul                                    0x000007b9   Thumb Code   332  dmul.o(x$fpl$dmul)
    __fpl_dnaninf                            0x0000090d   Thumb Code   156  dnaninf.o(x$fpl$dnaninf)
    __fpl_dretinf                            0x000009a9   Thumb Code    12  dretinf.o(x$fpl$dretinf)
    __aeabi_cdrcmple                         0x000009b5   Thumb Code     0  drleqf.o(x$fpl$drleqf)
    _drcmple                                 0x000009b5   Thumb Code   108  drleqf.o(x$fpl$drleqf)
    _drnd                                    0x00000a21   Thumb Code   180  drnd.o(x$fpl$drnd)
    __aeabi_drsub                            0x00000ad5   Thumb Code     0  daddsub_clz.o(x$fpl$drsb)
    _drsb                                    0x00000ad5   Thumb Code    22  daddsub_clz.o(x$fpl$drsb)
    _dsqrt                                   0x00000aed   Thumb Code   456  dsqrt_noumaal.o(x$fpl$dsqrt)
    __aeabi_dsub                             0x00000cb9   Thumb Code     0  daddsub_clz.o(x$fpl$dsub)
    _dsub                                    0x00000cb9   Thumb Code   464  daddsub_clz.o(x$fpl$dsub)
    __fpl_return_NaN                         0x00000e8d   Thumb Code   100  retnan.o(x$fpl$retnan)
    __ARM_scalbn                             0x00000ef1   Thumb Code    92  scalbn.o(x$fpl$scalbn)
    __fpl_cmpreturn                          0x00000f4d   Thumb Code    48  trapv.o(x$fpl$trapveneer)



==============================================================================

Memory Map of the image

  Image Entry point : 0x000000cd

  Load Region LR_1 (Base: 0x00000000, Size: 0x00000f7c, Max: 0xffffffff, ABSOLUTE)

    Execution Region ER_RO (Exec base: 0x00000000, Load base: 0x00000000, Size: 0x00000f7c, Max: 0xffffffff, ABSOLUTE)

    Exec Addr    Load Addr    Size         Type   Attr      Idx    E Section Name        Object

    0x00000000   0x00000000   0x000000cc   Data   RO           25    RESET               startup_lpc17xx.o
    0x000000cc   0x000000cc   0x0000003c   Code   RO           27  * .text               startup_lpc17xx.o
    0x00000108   0x00000108   0x00000006   Code   RO           96    .text               c_w.l(heapauxi.o)
    0x0000010e   0x0000010e   0x00000016   Code   RO          122    .text               c_w.l(_rserrno.o)
    0x00000124   0x00000124   0x00000008   Code   RO          169    .text               c_w.l(rt_errno_addr.o)
    0x0000012c   0x0000012c   0x00000028   Code   RO          157    i.__ARM_fpclassify  m_ws.l(fpclassify.o)
    0x00000154   0x00000154   0x00000004   Code   RO          145    i.__mathlib_dbl_infnan2  m_ws.l(dunder.o)
    0x00000158   0x00000158   0x0000000e   Code   RO          147    i.__mathlib_dbl_overflow  m_ws.l(dunder.o)
    0x00000166   0x00000166   0x00000002   PAD
    0x00000168   0x00000168   0x00000010   Code   RO          149    i.__mathlib_dbl_underflow  m_ws.l(dunder.o)
    0x00000178   0x00000178   0x00000044   Code   RO            1    i.intHypotenuse     main.o
    0x000001bc   0x000001bc   0x00000094   Code   RO          116    i.round             m_ws.l(round.o)
    0x00000250   0x00000250   0x0000004c   Code   RO          160    i.sqrt              m_ws.l(sqrt.o)
    0x0000029c   0x0000029c   0x00000010   Code   RO          174    x$fpl$dcheck1       fz_ws.l(dcheck1.o)
    0x000002ac   0x000002ac   0x00000018   Code   RO          176    x$fpl$dcmpinf       fz_ws.l(dcmpi.o)
    0x000002c4   0x000002c4   0x0000002e   Code   RO          103    x$fpl$dflt          fz_ws.l(dflt_clz.o)
    0x000002f2   0x000002f2   0x00000000   Code   RO          142    x$fpl$usenofp       fz_ws.l(usenofp.o)
    0x000002f2   0x000002f2   0x0000000a   PAD
    0x000002fc   0x000002fc   0x00000004   Code   RO           26    .ARM.__at_0x02FC    startup_lpc17xx.o
    0x00000300   0x00000300   0x00000290   Code   RO          109    i.hypot             m_ws.l(hypot.o)
    0x00000590   0x00000590   0x00000150   Code   RO          124    x$fpl$dadd          fz_ws.l(daddsub_clz.o)
    0x000006e0   0x000006e0   0x0000005e   Code   RO           98    x$fpl$dfix          fz_ws.l(dfix.o)
    0x0000073e   0x0000073e   0x00000002   PAD
    0x00000740   0x00000740   0x00000078   Code   RO          130    x$fpl$dleqf         fz_ws.l(dleqf.o)
    0x000007b8   0x000007b8   0x00000154   Code   RO          132    x$fpl$dmul          fz_ws.l(dmul.o)
    0x0000090c   0x0000090c   0x0000009c   Code   RO          134    x$fpl$dnaninf       fz_ws.l(dnaninf.o)
    0x000009a8   0x000009a8   0x0000000c   Code   RO          182    x$fpl$dretinf       fz_ws.l(dretinf.o)
    0x000009b4   0x000009b4   0x0000006c   Code   RO          136    x$fpl$drleqf        fz_ws.l(drleqf.o)
    0x00000a20   0x00000a20   0x000000b4   Code   RO          138    x$fpl$drnd          fz_ws.l(drnd.o)
    0x00000ad4   0x00000ad4   0x00000016   Code   RO          125    x$fpl$drsb          fz_ws.l(daddsub_clz.o)
    0x00000aea   0x00000aea   0x00000002   PAD
    0x00000aec   0x00000aec   0x000001cc   Code   RO          184    x$fpl$dsqrt         fz_ws.l(dsqrt_noumaal.o)
    0x00000cb8   0x00000cb8   0x000001d4   Code   RO          126    x$fpl$dsub          fz_ws.l(daddsub_clz.o)
    0x00000e8c   0x00000e8c   0x00000064   Code   RO          193    x$fpl$retnan        fz_ws.l(retnan.o)
    0x00000ef0   0x00000ef0   0x0000005c   Code   RO          140    x$fpl$scalbn        fz_ws.l(scalbn.o)
    0x00000f4c   0x00000f4c   0x00000030   Code   RO          201    x$fpl$trapveneer    fz_ws.l(trapv.o)


    Execution Region ER_RW (Exec base: 0x10000000, Load base: 0x00000f7c, Size: 0x00000000, Max: 0xffffffff, ABSOLUTE)

    **** No section assigned to this execution region ****


    Execution Region ER_ZI (Exec base: 0x10000000, Load base: 0x00000f7c, Size: 0x00000208, Max: 0xffffffff, ABSOLUTE)

    Exec Addr    Load Addr    Size         Type   Attr      Idx    E Section Name        Object

    0x10000000        -       0x00000004   Zero   RW          170    .bss                c_w.l(rt_errno_addr.o)
    0x10000004   0x00000f7c   0x00000004   PAD
    0x10000008        -       0x00000000   Zero   RW           24    HEAP                startup_lpc17xx.o
    0x10000008        -       0x00000200   Zero   RW           23    STACK               startup_lpc17xx.o


==============================================================================

Image component sizes


      Code (inc. data)   RO Data    RW Data    ZI Data      Debug   Object Name

        68          0          0          0          0       2064   main.o
        64         20        204          0        512       1080   startup_lpc17xx.o

    ----------------------------------------------------------------------
       132         20        204          0        512       3144   Object Totals
         0          0          0          0          0          0   (incl. Generated)
         0          0          0          0          0          0   (incl. Padding)

    ----------------------------------------------------------------------

      Code (inc. data)   RO Data    RW Data    ZI Data      Debug   Library Member Name

        22          0          0          0          0        100   _rserrno.o
         6          0          0          0          0        152   heapauxi.o
         8          4          0          0          4         68   rt_errno_addr.o
       826         16          0          0          0        348   daddsub_clz.o
        16          4          0          0          0         68   dcheck1.o
        24          0          0          0          0         68   dcmpi.o
        94          4          0          0          0         92   dfix.o
        46          0          0          0          0         68   dflt_clz.o
       120          4          0          0          0         92   dleqf.o
       340         12          0          0          0        104   dmul.o
       156          4          0          0          0         92   dnaninf.o
        12          0          0          0          0         68   dretinf.o
       108          0          0          0          0         80   drleqf.o
       180          4          0          0          0         80   drnd.o
       460         56          0          0          0        120   dsqrt_noumaal.o
       100          0          0          0          0         68   retnan.o
        92          0          0          0          0         68   scalbn.o
        48          0          0          0          0         68   trapv.o
         0          0          0          0          0          0   usenofp.o
        34          6          0          0          0        204   dunder.o
        40          0          0          0          0         68   fpclassify.o
       656         22          0          0          0        160   hypot.o
       148         12          0          0          0         88   round.o
        76          0          0          0          0         84   sqrt.o

    ----------------------------------------------------------------------
      3628        148          0          0          8       2408   Library Totals
        16          0          0          0          4          0   (incl. Padding)

    ----------------------------------------------------------------------

      Code (inc. data)   RO Data    RW Data    ZI Data      Debug   Library Name

        36          4          0          0          4        320   c_w.l
      2622        104          0          0          0       1484   fz_ws.l
       954         40          0          0          0        604   m_ws.l

    ----------------------------------------------------------------------
      3628        148          0          0          8       2408   Library Totals

    ----------------------------------------------------------------------

==============================================================================


      Code (inc. data)   RO Data    RW Data    ZI Data      Debug   

      3760        168        204          0        520       4148   Grand Totals
      3760        168        204          0        520       4148   ELF Image Totals
      3760        168        204          0          0          0   ROM Totals

==============================================================================

    Total RO  Size (Code + RO Data)                 3964 (   3.87kB)
    Total RW  Size (RW Data + ZI Data)               520 (   0.51kB)
    Total ROM Size (Code + RO Data + RW Data)       3964 (   3.87kB)

==============================================================================

